{"command":"moonc link-core ./target/js/release/build/0/0.core -main moonbitlang/core/0 -o ./target/js/release/build/0/0.js -pkg-config-path ./0/moon.pkg.json -pkg-sources moonbitlang/core/0:./0 -target js","inputs":["./0/moon.pkg.json","./target/js/release/build/0/0.core"],"outputs":["./target/js/release/build/0/0.js"]}
{"command":"moonc build-package ./0/lib.mbt ./0/y.js.mbt -o ./target/js/release/build/0/0.core -pkg moonbitlang/core/0 -pkg-sources moonbitlang/core/0:./0 -target js -workspace-path . -all-pkgs ./target/js/release/build/all_pkgs.json","inputs":["./0/lib.mbt","./0/moon.pkg.json","./0/y.js.mbt"],"outputs":["./target/js/release/build/0/0.mi","./target/js/release/build/0/0.core"]}
{"command":"moonc link-core ./target/js/release/build/1/1.core -main moonbitlang/core/1 -o ./target/js/release/build/1/1.js -pkg-config-path ./1/moon.pkg.json -pkg-sources moonbitlang/core/1:./1 -target js","inputs":["./1/moon.pkg.json","./target/js/release/build/1/1.core"],"outputs":["./target/js/release/build/1/1.js"]}
{"command":"moonc build-package ./1/lib.mbt ./1/x.js.mbt -o ./target/js/release/build/1/1.core -pkg moonbitlang/core/1 -pkg-sources moonbitlang/core/1:./1 -target js -workspace-path . -all-pkgs ./target/js/release/build/all_pkgs.json","inputs":["./1/lib.mbt","./1/moon.pkg.json","./1/x.js.mbt"],"outputs":["./target/js/release/build/1/1.mi","./target/js/release/build/1/1.core"]}
{"command":"moonc link-core ./target/js/release/build/1/1.core ./target/js/release/build/2/2.core -main moonbitlang/core/2 -o ./target/js/release/build/2/2.js -pkg-config-path ./2/moon.pkg.json -pkg-sources moonbitlang/core/1:./1 -pkg-sources moonbitlang/core/2:./2 -target js","inputs":["./2/moon.pkg.json","./target/js/release/build/1/1.core","./target/js/release/build/2/2.core"],"outputs":["./target/js/release/build/2/2.js"]}
{"command":"moonc build-package ./2/lib.mbt -o ./target/js/release/build/2/2.core -pkg moonbitlang/core/2 -i ./target/js/release/build/1/1.mi:1 -pkg-sources moonbitlang/core/2:./2 -target js -workspace-path . -all-pkgs ./target/js/release/build/all_pkgs.json","inputs":["./2/lib.mbt","./2/moon.pkg.json","./target/js/release/build/1/1.mi"],"outputs":["./target/js/release/build/2/2.mi","./target/js/release/build/2/2.core"]}
