{"command":"moonc build-package ./0/lib.mbt ./0/y.wasm-gc.mbt -w -a -o ./_build/wasm-gc/release/bundle/0/0.core -pkg moonbitlang/core/0 -pkg-sources moonbitlang/core/0:./0 -target wasm-gc -workspace-path . -all-pkgs ./_build/wasm-gc/release/bundle/all_pkgs.json","inputs":["./0/lib.mbt","./0/moon.pkg.json","./0/y.wasm-gc.mbt"],"outputs":["./_build/wasm-gc/release/bundle/0/0.mi","./_build/wasm-gc/release/bundle/0/0.core"]}
{"command":"moonc build-package ./1/lib.mbt ./1/x.wasm-gc.mbt -w -a -o ./_build/wasm-gc/release/bundle/1/1.core -pkg moonbitlang/core/1 -pkg-sources moonbitlang/core/1:./1 -target wasm-gc -workspace-path . -all-pkgs ./_build/wasm-gc/release/bundle/all_pkgs.json","inputs":["./1/lib.mbt","./1/moon.pkg.json","./1/x.wasm-gc.mbt"],"outputs":["./_build/wasm-gc/release/bundle/1/1.mi","./_build/wasm-gc/release/bundle/1/1.core"]}
{"command":"moonc build-package ./2/lib.mbt -w -a -o ./_build/wasm-gc/release/bundle/2/2.core -pkg moonbitlang/core/2 -i ./_build/wasm-gc/release/bundle/1/1.mi:1 -pkg-sources moonbitlang/core/2:./2 -target wasm-gc -workspace-path . -all-pkgs ./_build/wasm-gc/release/bundle/all_pkgs.json","inputs":["./2/lib.mbt","./2/moon.pkg.json","./_build/wasm-gc/release/bundle/1/1.mi"],"outputs":["./_build/wasm-gc/release/bundle/2/2.mi","./_build/wasm-gc/release/bundle/2/2.core"]}
{"command":"moonc build-package -w -a -o ./_build/wasm-gc/release/bundle/char/char.core -pkg moonbitlang/core/char -i ./_build/wasm-gc/release/bundle/coverage/coverage.mi:coverage -pkg-sources moonbitlang/core/char:./char -target wasm-gc -workspace-path . -all-pkgs ./_build/wasm-gc/release/bundle/all_pkgs.json","inputs":["./_build/wasm-gc/release/bundle/coverage/coverage.mi","./char/moon.pkg.json"],"outputs":["./_build/wasm-gc/release/bundle/char/char.mi","./_build/wasm-gc/release/bundle/char/char.core"]}
{"command":"moonc bundle-core ./_build/wasm-gc/release/bundle/0/0.core ./_build/wasm-gc/release/bundle/1/1.core ./_build/wasm-gc/release/bundle/2/2.core ./_build/wasm-gc/release/bundle/coverage/coverage.core ./_build/wasm-gc/release/bundle/char/char.core ./_build/wasm-gc/release/bundle/iter/iter.core ./_build/wasm-gc/release/bundle/prelude/prelude.core -o ./_build/wasm-gc/release/bundle/core.core","inputs":["./_build/wasm-gc/release/bundle/0/0.core","./_build/wasm-gc/release/bundle/1/1.core","./_build/wasm-gc/release/bundle/2/2.core","./_build/wasm-gc/release/bundle/char/char.core","./_build/wasm-gc/release/bundle/coverage/coverage.core","./_build/wasm-gc/release/bundle/iter/iter.core","./_build/wasm-gc/release/bundle/prelude/prelude.core"],"outputs":["./_build/wasm-gc/release/bundle/core.core"]}
{"command":"moonc build-package -w -a -o ./_build/wasm-gc/release/bundle/coverage/coverage.core -pkg moonbitlang/core/coverage -pkg-sources moonbitlang/core/coverage:./coverage -target wasm-gc -workspace-path . -all-pkgs ./_build/wasm-gc/release/bundle/all_pkgs.json","inputs":["./coverage/moon.pkg.json"],"outputs":["./_build/wasm-gc/release/bundle/coverage/coverage.mi","./_build/wasm-gc/release/bundle/coverage/coverage.core"]}
{"command":"moonc build-package -w -a -o ./_build/wasm-gc/release/bundle/iter/iter.core -pkg moonbitlang/core/iter -i ./_build/wasm-gc/release/bundle/coverage/coverage.mi:coverage -pkg-sources moonbitlang/core/iter:./iter -target wasm-gc -workspace-path . -all-pkgs ./_build/wasm-gc/release/bundle/all_pkgs.json","inputs":["./_build/wasm-gc/release/bundle/coverage/coverage.mi","./iter/moon.pkg.json"],"outputs":["./_build/wasm-gc/release/bundle/iter/iter.mi","./_build/wasm-gc/release/bundle/iter/iter.core"]}
{"command":"moonc build-package -w -a -o ./_build/wasm-gc/release/bundle/prelude/prelude.core -pkg moonbitlang/core/prelude -pkg-sources moonbitlang/core/prelude:./prelude -target wasm-gc -workspace-path . -all-pkgs ./_build/wasm-gc/release/bundle/all_pkgs.json","inputs":["./prelude/moon.pkg.json"],"outputs":["./_build/wasm-gc/release/bundle/prelude/prelude.mi","./_build/wasm-gc/release/bundle/prelude/prelude.core"]}
