{"command":"moonc check -doctest-only ./0/lib.mbt -doctest-only ./0/y.wasm.mbt -include-doctests -o ./_build/wasm/release/check/0/0.blackbox_test.mi -pkg moonbitlang/core/0_blackbox_test -i ./_build/wasm/release/check/0/0.mi:0 -i ./_build/wasm/release/check/prelude/prelude.mi:prelude -pkg-sources moonbitlang/core/0_blackbox_test:./0 -target wasm -blackbox-test -workspace-path . -all-pkgs ./_build/wasm/release/check/all_pkgs.json","inputs":["./0/lib.mbt","./0/moon.pkg.json","./0/y.wasm.mbt","./_build/wasm/release/check/0/0.mi","./_build/wasm/release/check/prelude/prelude.mi"],"outputs":["./_build/wasm/release/check/0/0.blackbox_test.mi"]}
{"command":"moonc check ./0/lib.mbt ./0/y.wasm.mbt -o ./_build/wasm/release/check/0/0.mi -pkg moonbitlang/core/0 -pkg-sources moonbitlang/core/0:./0 -target wasm -workspace-path . -all-pkgs ./_build/wasm/release/check/all_pkgs.json","inputs":["./0/lib.mbt","./0/moon.pkg.json","./0/y.wasm.mbt"],"outputs":["./_build/wasm/release/check/0/0.mi"]}
{"command":"moonc check ./0/lib.mbt ./0/y.wasm.mbt ./0/y_wbtest.mbt ./0/y_wbtest.wasm.mbt -o ./_build/wasm/release/check/0/0.whitebox_test.mi -pkg moonbitlang/core/0 -pkg-sources moonbitlang/core/0:./0 -target wasm -whitebox-test -workspace-path . -all-pkgs ./_build/wasm/release/check/all_pkgs.json","inputs":["./0/lib.mbt","./0/moon.pkg.json","./0/y.wasm.mbt","./0/y_wbtest.mbt","./0/y_wbtest.wasm.mbt"],"outputs":["./_build/wasm/release/check/0/0.whitebox_test.mi"]}
{"command":"moonc check -doctest-only ./1/lib.mbt -doctest-only ./1/x.wasm.mbt -include-doctests -o ./_build/wasm/release/check/1/1.blackbox_test.mi -pkg moonbitlang/core/1_blackbox_test -i ./_build/wasm/release/check/1/1.mi:1 -i ./_build/wasm/release/check/prelude/prelude.mi:prelude -pkg-sources moonbitlang/core/1_blackbox_test:./1 -target wasm -blackbox-test -workspace-path . -all-pkgs ./_build/wasm/release/check/all_pkgs.json","inputs":["./1/lib.mbt","./1/moon.pkg.json","./1/x.wasm.mbt","./_build/wasm/release/check/1/1.mi","./_build/wasm/release/check/prelude/prelude.mi"],"outputs":["./_build/wasm/release/check/1/1.blackbox_test.mi"]}
{"command":"moonc check ./1/lib.mbt ./1/x.wasm.mbt -o ./_build/wasm/release/check/1/1.mi -pkg moonbitlang/core/1 -pkg-sources moonbitlang/core/1:./1 -target wasm -workspace-path . -all-pkgs ./_build/wasm/release/check/all_pkgs.json","inputs":["./1/lib.mbt","./1/moon.pkg.json","./1/x.wasm.mbt"],"outputs":["./_build/wasm/release/check/1/1.mi"]}
{"command":"moonc check ./1/lib.mbt ./1/x.wasm.mbt -o ./_build/wasm/release/check/1/1.whitebox_test.mi -pkg moonbitlang/core/1 -pkg-sources moonbitlang/core/1:./1 -target wasm -whitebox-test -workspace-path . -all-pkgs ./_build/wasm/release/check/all_pkgs.json","inputs":["./1/lib.mbt","./1/moon.pkg.json","./1/x.wasm.mbt"],"outputs":["./_build/wasm/release/check/1/1.whitebox_test.mi"]}
{"command":"moonc check -doctest-only ./2/lib.mbt -include-doctests -o ./_build/wasm/release/check/2/2.blackbox_test.mi -pkg moonbitlang/core/2_blackbox_test -i ./_build/wasm/release/check/1/1.mi:1 -i ./_build/wasm/release/check/2/2.mi:2 -i ./_build/wasm/release/check/prelude/prelude.mi:prelude -pkg-sources moonbitlang/core/2_blackbox_test:./2 -target wasm -blackbox-test -workspace-path . -all-pkgs ./_build/wasm/release/check/all_pkgs.json","inputs":["./2/lib.mbt","./2/moon.pkg.json","./_build/wasm/release/check/1/1.mi","./_build/wasm/release/check/2/2.mi","./_build/wasm/release/check/prelude/prelude.mi"],"outputs":["./_build/wasm/release/check/2/2.blackbox_test.mi"]}
{"command":"moonc check ./2/lib.mbt -o ./_build/wasm/release/check/2/2.mi -pkg moonbitlang/core/2 -i ./_build/wasm/release/check/1/1.mi:1 -pkg-sources moonbitlang/core/2:./2 -target wasm -workspace-path . -all-pkgs ./_build/wasm/release/check/all_pkgs.json","inputs":["./2/lib.mbt","./2/moon.pkg.json","./_build/wasm/release/check/1/1.mi"],"outputs":["./_build/wasm/release/check/2/2.mi"]}
{"command":"moonc check -include-doctests -o ./_build/wasm/release/check/char/char.blackbox_test.mi -pkg moonbitlang/core/char_blackbox_test -i ./_build/wasm/release/check/char/char.mi:char -i ./_build/wasm/release/check/coverage/coverage.mi:coverage -i ./_build/wasm/release/check/prelude/prelude.mi:prelude -pkg-sources moonbitlang/core/char_blackbox_test:./char -target wasm -blackbox-test -workspace-path . -all-pkgs ./_build/wasm/release/check/all_pkgs.json","inputs":["./_build/wasm/release/check/char/char.mi","./_build/wasm/release/check/coverage/coverage.mi","./_build/wasm/release/check/prelude/prelude.mi","./char/moon.pkg.json"],"outputs":["./_build/wasm/release/check/char/char.blackbox_test.mi"]}
{"command":"moonc check -o ./_build/wasm/release/check/char/char.mi -pkg moonbitlang/core/char -i ./_build/wasm/release/check/coverage/coverage.mi:coverage -pkg-sources moonbitlang/core/char:./char -target wasm -workspace-path . -all-pkgs ./_build/wasm/release/check/all_pkgs.json","inputs":["./_build/wasm/release/check/coverage/coverage.mi","./char/moon.pkg.json"],"outputs":["./_build/wasm/release/check/char/char.mi"]}
{"command":"moonc check -include-doctests -o ./_build/wasm/release/check/coverage/coverage.blackbox_test.mi -pkg moonbitlang/core/coverage_blackbox_test -i ./_build/wasm/release/check/coverage/coverage.mi:coverage -i ./_build/wasm/release/check/prelude/prelude.mi:prelude -pkg-sources moonbitlang/core/coverage_blackbox_test:./coverage -target wasm -blackbox-test -workspace-path . -all-pkgs ./_build/wasm/release/check/all_pkgs.json","inputs":["./_build/wasm/release/check/coverage/coverage.mi","./_build/wasm/release/check/prelude/prelude.mi","./coverage/moon.pkg.json"],"outputs":["./_build/wasm/release/check/coverage/coverage.blackbox_test.mi"]}
{"command":"moonc check -o ./_build/wasm/release/check/coverage/coverage.mi -pkg moonbitlang/core/coverage -pkg-sources moonbitlang/core/coverage:./coverage -target wasm -workspace-path . -all-pkgs ./_build/wasm/release/check/all_pkgs.json","inputs":["./coverage/moon.pkg.json"],"outputs":["./_build/wasm/release/check/coverage/coverage.mi"]}
{"command":"moonc check -include-doctests -o ./_build/wasm/release/check/iter/iter.blackbox_test.mi -pkg moonbitlang/core/iter_blackbox_test -i ./_build/wasm/release/check/coverage/coverage.mi:coverage -i ./_build/wasm/release/check/iter/iter.mi:iter -i ./_build/wasm/release/check/prelude/prelude.mi:prelude -pkg-sources moonbitlang/core/iter_blackbox_test:./iter -target wasm -blackbox-test -workspace-path . -all-pkgs ./_build/wasm/release/check/all_pkgs.json","inputs":["./_build/wasm/release/check/coverage/coverage.mi","./_build/wasm/release/check/iter/iter.mi","./_build/wasm/release/check/prelude/prelude.mi","./iter/moon.pkg.json"],"outputs":["./_build/wasm/release/check/iter/iter.blackbox_test.mi"]}
{"command":"moonc check -o ./_build/wasm/release/check/iter/iter.mi -pkg moonbitlang/core/iter -i ./_build/wasm/release/check/coverage/coverage.mi:coverage -pkg-sources moonbitlang/core/iter:./iter -target wasm -workspace-path . -all-pkgs ./_build/wasm/release/check/all_pkgs.json","inputs":["./_build/wasm/release/check/coverage/coverage.mi","./iter/moon.pkg.json"],"outputs":["./_build/wasm/release/check/iter/iter.mi"]}
{"command":"moonc check -include-doctests -o ./_build/wasm/release/check/prelude/prelude.blackbox_test.mi -pkg moonbitlang/core/prelude_blackbox_test -i ./_build/wasm/release/check/prelude/prelude.mi:prelude -pkg-sources moonbitlang/core/prelude_blackbox_test:./prelude -target wasm -blackbox-test -workspace-path . -all-pkgs ./_build/wasm/release/check/all_pkgs.json","inputs":["./_build/wasm/release/check/prelude/prelude.mi","./prelude/moon.pkg.json"],"outputs":["./_build/wasm/release/check/prelude/prelude.blackbox_test.mi"]}
{"command":"moonc check -o ./_build/wasm/release/check/prelude/prelude.mi -pkg moonbitlang/core/prelude -pkg-sources moonbitlang/core/prelude:./prelude -target wasm -workspace-path . -all-pkgs ./_build/wasm/release/check/all_pkgs.json","inputs":["./prelude/moon.pkg.json"],"outputs":["./_build/wasm/release/check/prelude/prelude.mi"]}
