{
  "source_dir": "$ROOT",
  "name": "moonbitlang/core",
  "packages": [
    {
      "is-main": false,
      "is-third-party": false,
      "root-path": "$ROOT/0",
      "root": "moonbitlang/core",
      "rel": "0",
      "files": {
        "$ROOT/0/lib.mbt": {
          "backend": [
            "Wasm",
            "WasmGC",
            "Js",
            "Native",
            "LLVM"
          ],
          "optlevel": [
            "Release",
            "Debug"
          ]
        },
        "$ROOT/0/y.js.mbt": {
          "backend": [
            "Js"
          ],
          "optlevel": [
            "Release",
            "Debug"
          ]
        },
        "$ROOT/0/y.wasm-gc.mbt": {
          "backend": [
            "WasmGC"
          ],
          "optlevel": [
            "Release",
            "Debug"
          ]
        },
        "$ROOT/0/y.wasm.mbt": {
          "backend": [
            "Wasm"
          ],
          "optlevel": [
            "Release",
            "Debug"
          ]
        }
      },
      "wbtest-files": {
        "$ROOT/0/y_wbtest.js.mbt": {
          "backend": [
            "Js"
          ],
          "optlevel": [
            "Release",
            "Debug"
          ]
        },
        "$ROOT/0/y_wbtest.mbt": {
          "backend": [
            "Wasm",
            "WasmGC",
            "Js",
            "Native",
            "LLVM"
          ],
          "optlevel": [
            "Release",
            "Debug"
          ]
        },
        "$ROOT/0/y_wbtest.wasm-gc.mbt": {
          "backend": [
            "WasmGC"
          ],
          "optlevel": [
            "Release",
            "Debug"
          ]
        },
        "$ROOT/0/y_wbtest.wasm.mbt": {
          "backend": [
            "Wasm"
          ],
          "optlevel": [
            "Release",
            "Debug"
          ]
        }
      },
      "test-files": {},
      "mbt-md-files": {},
      "deps": [],
      "wbtest-deps": [],
      "test-deps": [
        {
          "path": "moonbitlang/core/prelude",
          "alias": "prelude",
          "fspath": "$ROOT/prelude"
        }
      ],
      "artifact": "$ROOT/_build/js/debug/check/0/0.mi",
      "check-command": [
        "check",
        "-error-format",
        "json",
        "$ROOT/0/lib.mbt",
        "$ROOT/0/y.js.mbt",
        "-o",
        "$ROOT/_build/js/debug/check/0/0.mi",
        "-pkg",
        "moonbitlang/core/0",
        "-pkg-type",
        "foreign_library",
        "-pkg-sources",
        "moonbitlang/core/0:$ROOT/0",
        "-target",
        "js",
        "-workspace-path",
        "$ROOT",
        "-all-pkgs",
        "$ROOT/_build/js/debug/check/all_pkgs.json"
      ],
      "wbtest-check-command": [
        "check",
        "-error-format",
        "json",
        "$ROOT/0/lib.mbt",
        "$ROOT/0/y.js.mbt",
        "$ROOT/0/y_wbtest.js.mbt",
        "$ROOT/0/y_wbtest.mbt",
        "-o",
        "$ROOT/_build/js/debug/check/0/0.whitebox_test.mi",
        "-pkg",
        "moonbitlang/core/0",
        "-pkg-type",
        "foreign_library",
        "-pkg-sources",
        "moonbitlang/core/0:$ROOT/0",
        "-target",
        "js",
        "-whitebox-test",
        "-workspace-path",
        "$ROOT",
        "-all-pkgs",
        "$ROOT/_build/js/debug/check/all_pkgs.json"
      ],
      "test-check-command": [
        "check",
        "-error-format",
        "json",
        "-doctest-only",
        "$ROOT/0/lib.mbt",
        "-doctest-only",
        "$ROOT/0/y.js.mbt",
        "-include-doctests",
        "-o",
        "$ROOT/_build/js/debug/check/0/0.blackbox_test.mi",
        "-pkg",
        "moonbitlang/core/0_blackbox_test",
        "-pkg-type",
        "foreign_library",
        "-i",
        "$ROOT/_build/js/debug/check/0/0.mi:0",
        "-i",
        "$ROOT/_build/js/debug/check/prelude/prelude.mi:prelude",
        "-pkg-sources",
        "moonbitlang/core/0_blackbox_test:$ROOT/0",
        "-target",
        "js",
        "-blackbox-test",
        "-workspace-path",
        "$ROOT",
        "-all-pkgs",
        "$ROOT/_build/js/debug/check/all_pkgs.json"
      ],
      "supported-targets": [
        "Wasm",
        "WasmGC",
        "Js",
        "Native",
        "LLVM"
      ]
    },
    {
      "is-main": false,
      "is-third-party": false,
      "root-path": "$ROOT/1",
      "root": "moonbitlang/core",
      "rel": "1",
      "files": {
        "$ROOT/1/lib.mbt": {
          "backend": [
            "Wasm",
            "WasmGC",
            "Js",
            "Native",
            "LLVM"
          ],
          "optlevel": [
            "Release",
            "Debug"
          ]
        },
        "$ROOT/1/x.js.mbt": {
          "backend": [
            "Js"
          ],
          "optlevel": [
            "Release",
            "Debug"
          ]
        },
        "$ROOT/1/x.wasm-gc.mbt": {
          "backend": [
            "WasmGC"
          ],
          "optlevel": [
            "Release",
            "Debug"
          ]
        },
        "$ROOT/1/x.wasm.mbt": {
          "backend": [
            "Wasm"
          ],
          "optlevel": [
            "Release",
            "Debug"
          ]
        }
      },
      "wbtest-files": {
        "$ROOT/1/x_wbtest.wasm-gc.mbt": {
          "backend": [
            "WasmGC"
          ],
          "optlevel": [
            "Release",
            "Debug"
          ]
        }
      },
      "test-files": {},
      "mbt-md-files": {},
      "deps": [],
      "wbtest-deps": [],
      "test-deps": [
        {
          "path": "moonbitlang/core/prelude",
          "alias": "prelude",
          "fspath": "$ROOT/prelude"
        }
      ],
      "artifact": "$ROOT/_build/js/debug/check/1/1.mi",
      "check-command": [
        "check",
        "-error-format",
        "json",
        "$ROOT/1/lib.mbt",
        "$ROOT/1/x.js.mbt",
        "-o",
        "$ROOT/_build/js/debug/check/1/1.mi",
        "-pkg",
        "moonbitlang/core/1",
        "-pkg-type",
        "foreign_library",
        "-pkg-sources",
        "moonbitlang/core/1:$ROOT/1",
        "-target",
        "js",
        "-workspace-path",
        "$ROOT",
        "-all-pkgs",
        "$ROOT/_build/js/debug/check/all_pkgs.json"
      ],
      "wbtest-check-command": [
        "check",
        "-error-format",
        "json",
        "$ROOT/1/lib.mbt",
        "$ROOT/1/x.js.mbt",
        "-o",
        "$ROOT/_build/js/debug/check/1/1.whitebox_test.mi",
        "-pkg",
        "moonbitlang/core/1",
        "-pkg-type",
        "foreign_library",
        "-pkg-sources",
        "moonbitlang/core/1:$ROOT/1",
        "-target",
        "js",
        "-whitebox-test",
        "-workspace-path",
        "$ROOT",
        "-all-pkgs",
        "$ROOT/_build/js/debug/check/all_pkgs.json"
      ],
      "test-check-command": [
        "check",
        "-error-format",
        "json",
        "-doctest-only",
        "$ROOT/1/lib.mbt",
        "-doctest-only",
        "$ROOT/1/x.js.mbt",
        "-include-doctests",
        "-o",
        "$ROOT/_build/js/debug/check/1/1.blackbox_test.mi",
        "-pkg",
        "moonbitlang/core/1_blackbox_test",
        "-pkg-type",
        "foreign_library",
        "-i",
        "$ROOT/_build/js/debug/check/1/1.mi:1",
        "-i",
        "$ROOT/_build/js/debug/check/prelude/prelude.mi:prelude",
        "-pkg-sources",
        "moonbitlang/core/1_blackbox_test:$ROOT/1",
        "-target",
        "js",
        "-blackbox-test",
        "-workspace-path",
        "$ROOT",
        "-all-pkgs",
        "$ROOT/_build/js/debug/check/all_pkgs.json"
      ],
      "supported-targets": [
        "Wasm",
        "WasmGC",
        "Js",
        "Native",
        "LLVM"
      ]
    },
    {
      "is-main": false,
      "is-third-party": false,
      "root-path": "$ROOT/2",
      "root": "moonbitlang/core",
      "rel": "2",
      "files": {
        "$ROOT/2/lib.mbt": {
          "backend": [
            "Wasm",
            "WasmGC",
            "Js",
            "Native",
            "LLVM"
          ],
          "optlevel": [
            "Release",
            "Debug"
          ]
        }
      },
      "wbtest-files": {},
      "test-files": {},
      "mbt-md-files": {},
      "deps": [
        {
          "path": "moonbitlang/core/1",
          "alias": "1",
          "fspath": "$ROOT/1"
        }
      ],
      "wbtest-deps": [],
      "test-deps": [
        {
          "path": "moonbitlang/core/prelude",
          "alias": "prelude",
          "fspath": "$ROOT/prelude"
        }
      ],
      "artifact": "$ROOT/_build/js/debug/check/2/2.mi",
      "check-command": [
        "check",
        "-error-format",
        "json",
        "$ROOT/2/lib.mbt",
        "-o",
        "$ROOT/_build/js/debug/check/2/2.mi",
        "-pkg",
        "moonbitlang/core/2",
        "-pkg-type",
        "foreign_library",
        "-i",
        "$ROOT/_build/js/debug/check/1/1.mi:1",
        "-pkg-sources",
        "moonbitlang/core/2:$ROOT/2",
        "-target",
        "js",
        "-workspace-path",
        "$ROOT",
        "-all-pkgs",
        "$ROOT/_build/js/debug/check/all_pkgs.json"
      ],
      "wbtest-check-command": null,
      "test-check-command": [
        "check",
        "-error-format",
        "json",
        "-doctest-only",
        "$ROOT/2/lib.mbt",
        "-include-doctests",
        "-o",
        "$ROOT/_build/js/debug/check/2/2.blackbox_test.mi",
        "-pkg",
        "moonbitlang/core/2_blackbox_test",
        "-pkg-type",
        "foreign_library",
        "-i",
        "$ROOT/_build/js/debug/check/1/1.mi:1",
        "-i",
        "$ROOT/_build/js/debug/check/2/2.mi:2",
        "-i",
        "$ROOT/_build/js/debug/check/prelude/prelude.mi:prelude",
        "-pkg-sources",
        "moonbitlang/core/2_blackbox_test:$ROOT/2",
        "-target",
        "js",
        "-blackbox-test",
        "-workspace-path",
        "$ROOT",
        "-all-pkgs",
        "$ROOT/_build/js/debug/check/all_pkgs.json"
      ],
      "supported-targets": [
        "Wasm",
        "WasmGC",
        "Js",
        "Native",
        "LLVM"
      ]
    },
    {
      "is-main": false,
      "is-third-party": false,
      "root-path": "$ROOT/char",
      "root": "moonbitlang/core",
      "rel": "char",
      "files": {},
      "wbtest-files": {},
      "test-files": {},
      "mbt-md-files": {},
      "deps": [
        {
          "path": "moonbitlang/core/coverage",
          "alias": "coverage",
          "fspath": "$ROOT/coverage"
        }
      ],
      "wbtest-deps": [],
      "test-deps": [
        {
          "path": "moonbitlang/core/prelude",
          "alias": "prelude",
          "fspath": "$ROOT/prelude"
        }
      ],
      "artifact": "$ROOT/_build/js/debug/check/char/char.mi",
      "check-command": [
        "check",
        "-error-format",
        "json",
        "-o",
        "$ROOT/_build/js/debug/check/char/char.mi",
        "-pkg",
        "moonbitlang/core/char",
        "-pkg-type",
        "library",
        "-i",
        "$ROOT/_build/js/debug/check/coverage/coverage.mi:coverage",
        "-pkg-sources",
        "moonbitlang/core/char:$ROOT/char",
        "-target",
        "js",
        "-workspace-path",
        "$ROOT",
        "-all-pkgs",
        "$ROOT/_build/js/debug/check/all_pkgs.json"
      ],
      "wbtest-check-command": null,
      "test-check-command": [
        "check",
        "-error-format",
        "json",
        "-include-doctests",
        "-o",
        "$ROOT/_build/js/debug/check/char/char.blackbox_test.mi",
        "-pkg",
        "moonbitlang/core/char_blackbox_test",
        "-pkg-type",
        "library",
        "-i",
        "$ROOT/_build/js/debug/check/char/char.mi:char",
        "-i",
        "$ROOT/_build/js/debug/check/coverage/coverage.mi:coverage",
        "-i",
        "$ROOT/_build/js/debug/check/prelude/prelude.mi:prelude",
        "-pkg-sources",
        "moonbitlang/core/char_blackbox_test:$ROOT/char",
        "-target",
        "js",
        "-blackbox-test",
        "-workspace-path",
        "$ROOT",
        "-all-pkgs",
        "$ROOT/_build/js/debug/check/all_pkgs.json"
      ],
      "supported-targets": [
        "Wasm",
        "WasmGC",
        "Js",
        "Native",
        "LLVM"
      ]
    },
    {
      "is-main": false,
      "is-third-party": false,
      "root-path": "$ROOT/coverage",
      "root": "moonbitlang/core",
      "rel": "coverage",
      "files": {},
      "wbtest-files": {},
      "test-files": {},
      "mbt-md-files": {},
      "deps": [],
      "wbtest-deps": [],
      "test-deps": [
        {
          "path": "moonbitlang/core/prelude",
          "alias": "prelude",
          "fspath": "$ROOT/prelude"
        }
      ],
      "artifact": "$ROOT/_build/js/debug/check/coverage/coverage.mi",
      "check-command": [
        "check",
        "-error-format",
        "json",
        "-o",
        "$ROOT/_build/js/debug/check/coverage/coverage.mi",
        "-pkg",
        "moonbitlang/core/coverage",
        "-pkg-type",
        "library",
        "-pkg-sources",
        "moonbitlang/core/coverage:$ROOT/coverage",
        "-target",
        "js",
        "-workspace-path",
        "$ROOT",
        "-all-pkgs",
        "$ROOT/_build/js/debug/check/all_pkgs.json"
      ],
      "wbtest-check-command": null,
      "test-check-command": [
        "check",
        "-error-format",
        "json",
        "-include-doctests",
        "-o",
        "$ROOT/_build/js/debug/check/coverage/coverage.blackbox_test.mi",
        "-pkg",
        "moonbitlang/core/coverage_blackbox_test",
        "-pkg-type",
        "library",
        "-i",
        "$ROOT/_build/js/debug/check/coverage/coverage.mi:coverage",
        "-i",
        "$ROOT/_build/js/debug/check/prelude/prelude.mi:prelude",
        "-pkg-sources",
        "moonbitlang/core/coverage_blackbox_test:$ROOT/coverage",
        "-target",
        "js",
        "-blackbox-test",
        "-workspace-path",
        "$ROOT",
        "-all-pkgs",
        "$ROOT/_build/js/debug/check/all_pkgs.json"
      ],
      "supported-targets": [
        "Wasm",
        "WasmGC",
        "Js",
        "Native",
        "LLVM"
      ]
    },
    {
      "is-main": false,
      "is-third-party": false,
      "root-path": "$ROOT/iter",
      "root": "moonbitlang/core",
      "rel": "iter",
      "files": {},
      "wbtest-files": {},
      "test-files": {},
      "mbt-md-files": {},
      "deps": [
        {
          "path": "moonbitlang/core/coverage",
          "alias": "coverage",
          "fspath": "$ROOT/coverage"
        }
      ],
      "wbtest-deps": [
        {
          "path": "moonbitlang/core/char",
          "alias": "char",
          "fspath": "$ROOT/char"
        }
      ],
      "test-deps": [
        {
          "path": "moonbitlang/core/prelude",
          "alias": "prelude",
          "fspath": "$ROOT/prelude"
        }
      ],
      "artifact": "$ROOT/_build/js/debug/check/iter/iter.mi",
      "check-command": [
        "check",
        "-error-format",
        "json",
        "-o",
        "$ROOT/_build/js/debug/check/iter/iter.mi",
        "-pkg",
        "moonbitlang/core/iter",
        "-pkg-type",
        "library",
        "-i",
        "$ROOT/_build/js/debug/check/coverage/coverage.mi:coverage",
        "-pkg-sources",
        "moonbitlang/core/iter:$ROOT/iter",
        "-target",
        "js",
        "-workspace-path",
        "$ROOT",
        "-all-pkgs",
        "$ROOT/_build/js/debug/check/all_pkgs.json"
      ],
      "wbtest-check-command": null,
      "test-check-command": [
        "check",
        "-error-format",
        "json",
        "-include-doctests",
        "-o",
        "$ROOT/_build/js/debug/check/iter/iter.blackbox_test.mi",
        "-pkg",
        "moonbitlang/core/iter_blackbox_test",
        "-pkg-type",
        "library",
        "-i",
        "$ROOT/_build/js/debug/check/coverage/coverage.mi:coverage",
        "-i",
        "$ROOT/_build/js/debug/check/iter/iter.mi:iter",
        "-i",
        "$ROOT/_build/js/debug/check/prelude/prelude.mi:prelude",
        "-pkg-sources",
        "moonbitlang/core/iter_blackbox_test:$ROOT/iter",
        "-target",
        "js",
        "-blackbox-test",
        "-workspace-path",
        "$ROOT",
        "-all-pkgs",
        "$ROOT/_build/js/debug/check/all_pkgs.json"
      ],
      "supported-targets": [
        "Wasm",
        "WasmGC",
        "Js",
        "Native",
        "LLVM"
      ]
    },
    {
      "is-main": false,
      "is-third-party": false,
      "root-path": "$ROOT/prelude",
      "root": "moonbitlang/core",
      "rel": "prelude",
      "files": {},
      "wbtest-files": {},
      "test-files": {},
      "mbt-md-files": {},
      "deps": [],
      "wbtest-deps": [],
      "test-deps": [],
      "artifact": "$ROOT/_build/js/debug/check/prelude/prelude.mi",
      "check-command": [
        "check",
        "-error-format",
        "json",
        "-o",
        "$ROOT/_build/js/debug/check/prelude/prelude.mi",
        "-pkg",
        "moonbitlang/core/prelude",
        "-pkg-type",
        "library",
        "-pkg-sources",
        "moonbitlang/core/prelude:$ROOT/prelude",
        "-target",
        "js",
        "-workspace-path",
        "$ROOT",
        "-all-pkgs",
        "$ROOT/_build/js/debug/check/all_pkgs.json"
      ],
      "wbtest-check-command": null,
      "test-check-command": [
        "check",
        "-error-format",
        "json",
        "-include-doctests",
        "-o",
        "$ROOT/_build/js/debug/check/prelude/prelude.blackbox_test.mi",
        "-pkg",
        "moonbitlang/core/prelude_blackbox_test",
        "-pkg-type",
        "library",
        "-i",
        "$ROOT/_build/js/debug/check/prelude/prelude.mi:prelude",
        "-pkg-sources",
        "moonbitlang/core/prelude_blackbox_test:$ROOT/prelude",
        "-target",
        "js",
        "-blackbox-test",
        "-workspace-path",
        "$ROOT",
        "-all-pkgs",
        "$ROOT/_build/js/debug/check/all_pkgs.json"
      ],
      "supported-targets": [
        "Wasm",
        "WasmGC",
        "Js",
        "Native",
        "LLVM"
      ]
    }
  ],
  "deps": [],
  "backend": "js",
  "opt_level": "debug",
  "source": null
}