{"command":"moonc link-core '$MOON_HOME/lib/core/target/native/release/bundle/abort/abort.core' '$MOON_HOME/lib/core/target/native/release/bundle/core.core' ./target/native/release/build/lib/lib.core -main moon_new/lib -o ./target/native/release/build/lib/lib.c -pkg-config-path ./lib/moon.pkg.json -pkg-sources moon_new/lib:./lib -pkg-sources 'moonbitlang/core:$MOON_HOME/lib/core' -target native","inputs":["$MOON_HOME/lib/core/target/native/release/bundle/abort/abort.core","$MOON_HOME/lib/core/target/native/release/bundle/core.core","./target/native/release/build/lib/lib.core"],"outputs":["./target/native/release/build/lib/lib.c"]}
{"command":"x86_64-unknown-fake_os-fake_libc-gcc -o ./target/native/release/build/lib/lib.exe '-I$MOON_HOME/include' -fwrapv -fno-strict-aliasing ./target/native/release/build/lib/lib.c ./target/native/release/build/runtime.o ./target/native/release/build/lib/liblib.a -lm ccflags fasd cclinkflags","inputs":["./target/native/release/build/lib/lib.c","./target/native/release/build/lib/liblib.a","./target/native/release/build/runtime.o"],"outputs":["./target/native/release/build/lib/lib.exe"]}
{"command":"moonc build-package ./lib/hello.mbt -o ./target/native/release/build/lib/lib.core -pkg moon_new/lib -std-path '$MOON_HOME/lib/core/target/native/release/bundle' -pkg-sources moon_new/lib:./lib -target native -workspace-path . -all-pkgs ./target/native/release/build/all_pkgs.json","inputs":["./lib/hello.mbt"],"outputs":["./target/native/release/build/lib/lib.mi","./target/native/release/build/lib/lib.core"]}
{"command":"x86_64-unknown-fake_os-fake_libc-ar -r -c -s ./target/native/release/build/lib/liblib.a ./target/native/release/build/lib/stub.o","inputs":["./target/native/release/build/lib/stub.o"],"outputs":["./target/native/release/build/lib/liblib.a"]}
{"command":"x86_64-unknown-fake_os-fake_libc-gcc -o ./target/native/release/build/lib/stub.o '-I$MOON_HOME/include' -c -fwrapv -fno-strict-aliasing ./lib/stub.c stubccflags","inputs":["./lib/stub.c"],"outputs":["./target/native/release/build/lib/stub.o"]}
{"command":"moonc link-core '$MOON_HOME/lib/core/target/native/release/bundle/abort/abort.core' '$MOON_HOME/lib/core/target/native/release/bundle/core.core' ./target/native/release/build/lib/lib.core ./target/native/release/build/main/main.core -main moon_new/main -o ./target/native/release/build/main/main.c -pkg-config-path ./main/moon.pkg.json -pkg-sources moon_new/lib:./lib -pkg-sources moon_new/main:./main -pkg-sources 'moonbitlang/core:$MOON_HOME/lib/core' -target native","inputs":["$MOON_HOME/lib/core/target/native/release/bundle/abort/abort.core","$MOON_HOME/lib/core/target/native/release/bundle/core.core","./target/native/release/build/lib/lib.core","./target/native/release/build/main/main.core"],"outputs":["./target/native/release/build/main/main.c"]}
{"command":"x86_64-unknown-fake_os-fake_libc-gcc -o ./target/native/release/build/main/main.exe '-I$MOON_HOME/include' -fwrapv -fno-strict-aliasing ./target/native/release/build/main/main.c ./target/native/release/build/runtime.o ./target/native/release/build/lib/liblib.a -lm ccflags fasd cclinkflags","inputs":["./target/native/release/build/lib/liblib.a","./target/native/release/build/main/main.c","./target/native/release/build/runtime.o"],"outputs":["./target/native/release/build/main/main.exe"]}
{"command":"moonc build-package ./main/main.mbt -o ./target/native/release/build/main/main.core -pkg moon_new/main -is-main -std-path '$MOON_HOME/lib/core/target/native/release/bundle' -i ./target/native/release/build/lib/lib.mi:lib -pkg-sources moon_new/main:./main -target native -workspace-path . -all-pkgs ./target/native/release/build/all_pkgs.json","inputs":["./main/main.mbt","./target/native/release/build/lib/lib.mi"],"outputs":["./target/native/release/build/main/main.mi","./target/native/release/build/main/main.core"]}
{"command":"x86_64-unknown-fake_os-fake_libc-gcc -o ./target/native/release/build/runtime.o '-I$MOON_HOME/include' -g -c -fwrapv -fno-strict-aliasing -O2 '$MOON_HOME/lib/runtime.c'","inputs":["$MOON_HOME/lib/runtime.c"],"outputs":["./target/native/release/build/runtime.o"]}
