{"command":"moonc build-package ./lib/hello.mbt -o ./_build/native/debug/build/lib/lib.core -pkg moon_new/lib -std-path '$MOON_HOME/lib/core/_build/native/release/bundle' -i '$MOON_HOME/lib/core/_build/native/release/bundle/prelude/prelude.mi:prelude' -pkg-sources moon_new/lib:./lib -target native -g -O0 -workspace-path . -all-pkgs ./_build/native/debug/build/all_pkgs.json","inputs":["./lib/hello.mbt","./lib/moon.pkg.json"],"outputs":["./_build/native/debug/build/lib/lib.mi","./_build/native/debug/build/lib/lib.core"]}
{"command":"/other/path/B/x86_64-unknown-fake_os-fake_libc-ar -r -c -s ./_build/native/debug/build/lib/liblib.a ./_build/native/debug/build/lib/stub.o","inputs":["./_build/native/debug/build/lib/stub.o"],"outputs":["./_build/native/debug/build/lib/liblib.a"]}
{"command":"/some/path/A/x86_64-unknown-fake_os-fake_libc-gcc -o ./_build/native/debug/build/lib/stub.o '-I$MOON_HOME/include' -g -c -fwrapv -fno-strict-aliasing ./lib/stub.c stubccflags","inputs":["./lib/stub.c"],"outputs":["./_build/native/debug/build/lib/stub.o"]}
{"command":"moonc link-core '$MOON_HOME/lib/core/_build/native/release/bundle/abort/abort.core' '$MOON_HOME/lib/core/_build/native/release/bundle/core.core' ./_build/native/debug/build/lib/lib.core ./_build/native/debug/build/main/main.core -main moon_new/main -o ./_build/native/debug/build/main/main.c -pkg-config-path ./main/moon.pkg.json -pkg-sources moon_new/lib:./lib -pkg-sources moon_new/main:./main -pkg-sources 'moonbitlang/core:$MOON_HOME/lib/core' -target native -g -O0","inputs":["$MOON_HOME/lib/core/_build/native/release/bundle/abort/abort.core","$MOON_HOME/lib/core/_build/native/release/bundle/core.core","./_build/native/debug/build/lib/lib.core","./_build/native/debug/build/main/main.core","./main/moon.pkg.json"],"outputs":["./_build/native/debug/build/main/main.c"]}
{"command":"/some/path/A/x86_64-unknown-fake_os-fake_libc-gcc -o ./_build/native/debug/build/main/main.exe '-I$MOON_HOME/include' -g -fwrapv -fno-strict-aliasing ./_build/native/debug/build/main/main.c ./_build/native/debug/build/runtime.o ./_build/native/debug/build/lib/liblib.a -lm ccflags fasd cclinkflags '$MOON_HOME/lib/libbacktrace.a'","inputs":["./_build/native/debug/build/lib/liblib.a","./_build/native/debug/build/main/main.c","./_build/native/debug/build/runtime.o"],"outputs":["./_build/native/debug/build/main/main.exe"]}
{"command":"moonc build-package ./main/main.mbt -o ./_build/native/debug/build/main/main.core -pkg moon_new/main -is-main -std-path '$MOON_HOME/lib/core/_build/native/release/bundle' -i ./_build/native/debug/build/lib/lib.mi:lib -i '$MOON_HOME/lib/core/_build/native/release/bundle/prelude/prelude.mi:prelude' -pkg-sources moon_new/main:./main -target native -g -O0 -workspace-path . -all-pkgs ./_build/native/debug/build/all_pkgs.json","inputs":["./_build/native/debug/build/lib/lib.mi","./main/main.mbt","./main/moon.pkg.json"],"outputs":["./_build/native/debug/build/main/main.mi","./_build/native/debug/build/main/main.core"]}
{"command":"/some/path/A/x86_64-unknown-fake_os-fake_libc-gcc -o ./_build/native/debug/build/runtime.o '-I$MOON_HOME/include' -g -c -fwrapv -fno-strict-aliasing '$MOON_HOME/lib/runtime.c' -DMOONBIT_ALLOW_STACKTRACE","inputs":["$MOON_HOME/lib/runtime.c"],"outputs":["./_build/native/debug/build/runtime.o"]}
