{"command":"moonc bundle-core ./_build/js/release/bundle/lib/lib.core ./_build/js/release/bundle/link/link.core -o ./_build/js/release/bundle/hello.core","inputs":["./_build/js/release/bundle/lib/lib.core","./_build/js/release/bundle/link/link.core"],"outputs":["./_build/js/release/bundle/hello.core"]}
{"command":"moonc build-package ./lib/hello.mbt -w -a -o ./_build/js/release/bundle/lib/lib.core -pkg username/hello/lib -pkg-sources username/hello/lib:./lib -target js -workspace-path . -all-pkgs ./_build/js/release/bundle/all_pkgs.json","inputs":["./lib/hello.mbt","./lib/moon.pkg.json"],"outputs":["./_build/js/release/bundle/lib/lib.mi","./_build/js/release/bundle/lib/lib.core"]}
{"command":"moonc build-package ./link/hello.mbt -w -a -o ./_build/js/release/bundle/link/link.core -pkg username/hello/link -pkg-sources username/hello/link:./link -target js -workspace-path . -all-pkgs ./_build/js/release/bundle/all_pkgs.json","inputs":["./link/hello.mbt","./link/moon.pkg.json"],"outputs":["./_build/js/release/bundle/link/link.mi","./_build/js/release/bundle/link/link.core"]}
