{"command":"moonc check -doctest-only ./lib/hello.mbt -include-doctests -o ./target/js/release/check/lib/lib.blackbox_test.mi -pkg username/hello/lib_blackbox_test -i ./target/js/release/check/lib/lib.mi:lib -pkg-sources username/hello/lib_blackbox_test:./lib -target js -blackbox-test -workspace-path .","inputs":["./lib/hello.mbt","./target/js/release/check/lib/lib.mi"],"outputs":["./target/js/release/check/lib/lib.blackbox_test.mi"]}
{"command":"moonc check ./lib/hello.mbt -o ./target/js/release/check/lib/lib.mi -pkg username/hello/lib -pkg-sources username/hello/lib:./lib -target js -workspace-path .","inputs":["./lib/hello.mbt"],"outputs":["./target/js/release/check/lib/lib.mi"]}
{"command":"moonc check -doctest-only ./link/hello.mbt -include-doctests -o ./target/js/release/check/link/link.blackbox_test.mi -pkg username/hello/link_blackbox_test -i ./target/js/release/check/link/link.mi:link -pkg-sources username/hello/link_blackbox_test:./link -target js -blackbox-test -workspace-path .","inputs":["./link/hello.mbt","./target/js/release/check/link/link.mi"],"outputs":["./target/js/release/check/link/link.blackbox_test.mi"]}
{"command":"moonc check ./link/hello.mbt -o ./target/js/release/check/link/link.mi -pkg username/hello/link -pkg-sources username/hello/link:./link -target js -workspace-path .","inputs":["./link/hello.mbt"],"outputs":["./target/js/release/check/link/link.mi"]}
