{"command":"moonc link-core ./_build/js/debug/build/link/link.core -main username/hello/link -o ./_build/js/debug/build/link/link.js -pkg-config-path ./link/moon.pkg.json -pkg-sources username/hello/link:./link -target js -g -O0 -source-map","inputs":["./_build/js/debug/build/link/link.core","./link/moon.pkg.json"],"outputs":["./_build/js/debug/build/link/link.js"]}
{"command":"moonc build-package ./link/hello.mbt -o ./_build/js/debug/build/link/link.core -pkg username/hello/link -pkg-sources username/hello/link:./link -target js -g -O0 -source-map -workspace-path . -all-pkgs ./_build/js/debug/build/all_pkgs.json","inputs":["./link/hello.mbt","./link/moon.pkg.json"],"outputs":["./_build/js/debug/build/link/link.mi","./_build/js/debug/build/link/link.core"]}
