{"command":"moon generate-test-driver --output-driver ./_build/js/debug/test/lib/__generated_driver_for_blackbox_test.mbt --output-metadata ./_build/js/debug/test/lib/__blackbox_test_info.json --doctest-only ./lib/hello.mbt --target js --pkg-name username/hello/lib --driver-kind blackbox","inputs":["./lib/hello.mbt"],"outputs":["./_build/js/debug/test/lib/__generated_driver_for_blackbox_test.mbt","./_build/js/debug/test/lib/__blackbox_test_info.json"]}
{"command":"moon generate-test-driver --output-driver ./_build/js/debug/test/lib/__generated_driver_for_internal_test.mbt --output-metadata ./_build/js/debug/test/lib/__internal_test_info.json ./lib/hello.mbt --target js --pkg-name username/hello/lib --driver-kind internal","inputs":["./lib/hello.mbt"],"outputs":["./_build/js/debug/test/lib/__generated_driver_for_internal_test.mbt","./_build/js/debug/test/lib/__internal_test_info.json"]}
{"command":"moonc build-package ./_build/js/debug/test/lib/__generated_driver_for_blackbox_test.mbt -doctest-only ./lib/hello.mbt -o ./_build/js/debug/test/lib/lib.blackbox_test.core -pkg username/hello/lib_blackbox_test -is-main -i ./_build/js/debug/test/lib/lib.mi:lib -pkg-sources username/hello/lib_blackbox_test:./lib -target js -g -O0 -source-map -blackbox-test -include-doctests -no-mi -test-mode -workspace-path . -all-pkgs ./_build/js/debug/test/all_pkgs.json","inputs":["./_build/js/debug/test/lib/__generated_driver_for_blackbox_test.mbt","./_build/js/debug/test/lib/lib.mi","./lib/hello.mbt","./lib/moon.pkg.json"],"outputs":["./_build/js/debug/test/lib/lib.blackbox_test.core"]}
{"command":"moonc link-core ./_build/js/debug/test/lib/lib.core ./_build/js/debug/test/lib/lib.blackbox_test.core -main username/hello/lib_blackbox_test -o ./_build/js/debug/test/lib/lib.blackbox_test.js -test-mode -pkg-config-path ./lib/moon.pkg.json -pkg-sources username/hello/lib:./lib -pkg-sources username/hello/lib_blackbox_test:./lib -exported_functions 'moonbit_test_driver_internal_execute,moonbit_test_driver_finish' -js-format cjs -no-dts -target js -g -O0 -source-map","inputs":["./_build/js/debug/test/lib/lib.blackbox_test.core","./_build/js/debug/test/lib/lib.core","./lib/moon.pkg.json"],"outputs":["./_build/js/debug/test/lib/lib.blackbox_test.js"]}
{"command":"moonc build-package ./lib/hello.mbt ./_build/js/debug/test/lib/__generated_driver_for_internal_test.mbt -o ./_build/js/debug/test/lib/lib.internal_test.core -pkg username/hello/lib -is-main -pkg-sources username/hello/lib:./lib -target js -g -O0 -source-map -no-mi -test-mode -workspace-path . -all-pkgs ./_build/js/debug/test/all_pkgs.json","inputs":["./_build/js/debug/test/lib/__generated_driver_for_internal_test.mbt","./lib/hello.mbt","./lib/moon.pkg.json"],"outputs":["./_build/js/debug/test/lib/lib.internal_test.core"]}
{"command":"moonc link-core ./_build/js/debug/test/lib/lib.internal_test.core -main username/hello/lib -o ./_build/js/debug/test/lib/lib.internal_test.js -test-mode -pkg-config-path ./lib/moon.pkg.json -pkg-sources username/hello/lib:./lib -exported_functions 'moonbit_test_driver_internal_execute,moonbit_test_driver_finish' -js-format cjs -no-dts -target js -g -O0 -source-map","inputs":["./_build/js/debug/test/lib/lib.internal_test.core","./lib/moon.pkg.json"],"outputs":["./_build/js/debug/test/lib/lib.internal_test.js"]}
{"command":"moonc build-package ./lib/hello.mbt -o ./_build/js/debug/test/lib/lib.core -pkg username/hello/lib -pkg-sources username/hello/lib:./lib -target js -g -O0 -source-map -workspace-path . -all-pkgs ./_build/js/debug/test/all_pkgs.json","inputs":["./lib/hello.mbt","./lib/moon.pkg.json"],"outputs":["./_build/js/debug/test/lib/lib.mi","./_build/js/debug/test/lib/lib.core"]}
