{"command":"moonc build-package ./link/hello.mbt -o ./target/js/release/build/link/link.core -pkg username/hello/link -pkg-sources username/hello/link:./link -target js -workspace-path .","inputs":["./link/hello.mbt"],"outputs":["./target/js/release/build/link/link.core","./target/js/release/build/link/link.mi"]}
{"command":"moonc link-core ./target/js/release/build/link/link.core -main username/hello/link -o ./target/js/release/build/link/link.js -pkg-config-path ./link/moon.pkg.json -pkg-sources username/hello/link:./link -target js","inputs":["./target/js/release/build/link/link.core"],"outputs":["./target/js/release/build/link/link.js"]}
