{"command":"moonc build-package ./lib/hello.mbt -o ./target/native/debug/build/lib/lib.core -pkg moonbitlang/hello/lib -std-path '$MOON_HOME/lib/core/target/native/release/bundle' -pkg-sources moonbitlang/hello/lib:./lib -target native -g -O0 -workspace-path .","inputs":["./lib/hello.mbt"],"outputs":["./target/native/debug/build/lib/lib.mi","./target/native/debug/build/lib/lib.core"]}
{"command":"moonc link-core '$MOON_HOME/lib/core/target/native/release/bundle/abort/abort.core' '$MOON_HOME/lib/core/target/native/release/bundle/core.core' ./target/native/debug/build/lib/lib.core ./target/native/debug/build/main/main.core -main moonbitlang/hello/main -o ./target/native/debug/build/main/main.c -pkg-config-path ./main/moon.pkg.json -pkg-sources moonbitlang/hello/lib:./lib -pkg-sources moonbitlang/hello/main:./main -pkg-sources 'moonbitlang/core:$MOON_HOME/lib/core' -target native -g -O0","inputs":["$MOON_HOME/lib/core/target/native/release/bundle/abort/abort.core","$MOON_HOME/lib/core/target/native/release/bundle/core.core","./target/native/debug/build/lib/lib.core","./target/native/debug/build/main/main.core"],"outputs":["./target/native/debug/build/main/main.c"]}
{"command":"/usr/bin/cc -o ./target/native/debug/build/main/main.exe '-I$MOON_HOME/include' -g -fwrapv -fno-strict-aliasing -Og '$MOON_HOME/lib/libmoonbitrun.o' ./target/native/debug/build/main/main.c ./target/native/debug/build/runtime.o -lm","inputs":["./target/native/debug/build/main/main.c","./target/native/debug/build/runtime.o"],"outputs":["./target/native/debug/build/main/main.exe"]}
{"command":"moonc build-package ./main/main.mbt -o ./target/native/debug/build/main/main.core -pkg moonbitlang/hello/main -is-main -std-path '$MOON_HOME/lib/core/target/native/release/bundle' -i ./target/native/debug/build/lib/lib.mi:lib -pkg-sources moonbitlang/hello/main:./main -target native -g -O0 -workspace-path .","inputs":["./main/main.mbt","./target/native/debug/build/lib/lib.mi"],"outputs":["./target/native/debug/build/main/main.mi","./target/native/debug/build/main/main.core"]}
{"command":"/usr/bin/cc -o ./target/native/debug/build/runtime.o '-I$MOON_HOME/include' -g -c -fwrapv -fno-strict-aliasing -O2 '$MOON_HOME/lib/runtime.c'","inputs":["$MOON_HOME/lib/runtime.c"],"outputs":["./target/native/debug/build/runtime.o"]}
