{"command":"moonc build-interface '$MOON_HOME/lib/core/abort/pkg.mbti' -o '$MOON_HOME/lib/core/target/wasm-gc/release/bundle/abort/abort.mi' -pkg moonbitlang/core/abort -pkg-sources 'moonbitlang/core/abort:$MOON_HOME/lib/core/abort' -virtual -std-path '$MOON_HOME/lib/core/target/wasm-gc/release/bundle' -error-format json","inputs":["$MOON_HOME/lib/core/abort/pkg.mbti"],"outputs":["$MOON_HOME/lib/core/target/wasm-gc/release/bundle/abort/abort.mi"]}
{"command":"moonc build-package ./main/main.mbt -o ./_build/wasm-gc/release/build/main/main.core -pkg username/abort_override/main -is-main -std-path '$MOON_HOME/lib/core/target/wasm-gc/release/bundle' -i '$MOON_HOME/lib/core/target/wasm-gc/release/bundle/prelude/prelude.mi:prelude' -pkg-sources username/abort_override/main:./main -target wasm-gc -workspace-path . -all-pkgs ./_build/wasm-gc/release/build/all_pkgs.json","inputs":["./main/main.mbt","./main/moon.pkg.json"],"outputs":["./_build/wasm-gc/release/build/main/main.mi","./_build/wasm-gc/release/build/main/main.core"]}
{"command":"moonc link-core '$MOON_HOME/lib/core/target/wasm-gc/release/bundle/core.core' ./_build/wasm-gc/release/build/myabort/myabort.core ./_build/wasm-gc/release/build/main/main.core -main username/abort_override/main -o ./_build/wasm-gc/release/build/main/main.wasm -pkg-config-path ./main/moon.pkg.json -pkg-sources username/abort_override/myabort:./myabort -pkg-sources username/abort_override/main:./main -pkg-sources 'moonbitlang/core:$MOON_HOME/lib/core' -target wasm-gc","inputs":["$MOON_HOME/lib/core/target/wasm-gc/release/bundle/abort/abort.core","$MOON_HOME/lib/core/target/wasm-gc/release/bundle/core.core","./_build/wasm-gc/release/build/main/main.core","./_build/wasm-gc/release/build/myabort/myabort.core","./main/moon.pkg.json"],"outputs":["./_build/wasm-gc/release/build/main/main.wasm"]}
{"command":"moonc build-package ./myabort/abort.mbt -o ./_build/wasm-gc/release/build/myabort/myabort.core -pkg username/abort_override/myabort -std-path '$MOON_HOME/lib/core/target/wasm-gc/release/bundle' -i '$MOON_HOME/lib/core/target/wasm-gc/release/bundle/prelude/prelude.mi:prelude' -pkg-sources username/abort_override/myabort:./myabort -target wasm-gc -check-mi '$MOON_HOME/lib/core/target/wasm-gc/release/bundle/abort/abort.mi' -impl-virtual -pkg-sources 'moonbitlang/core/abort:$MOON_HOME/lib/core/abort' -workspace-path . -all-pkgs ./_build/wasm-gc/release/build/all_pkgs.json","inputs":["$MOON_HOME/lib/core/target/wasm-gc/release/bundle/abort/abort.mi","$MOON_HOME/lib/core/target/wasm-gc/release/bundle/abort/abort.mi","./myabort/abort.mbt","./myabort/moon.pkg.json"],"outputs":["./_build/wasm-gc/release/build/myabort/myabort.core"]}
