{"command":"moonc build-package ./cmd/main/main.mbt -o ./target/wasm-gc/debug/build/cmd/main/main.core -pkg username/import_stdlib/cmd/main -is-main -std-path '$MOON_HOME/lib/core/target/wasm-gc/release/bundle' -i '$MOON_HOME/lib/core/target/wasm-gc/release/bundle/math/math.mi:core_math' -i '$MOON_HOME/lib/core/target/wasm-gc/release/bundle/prelude/prelude.mi:prelude' -pkg-sources username/import_stdlib/cmd/main:./cmd/main -target wasm-gc -g -O0 -source-map -workspace-path . -all-pkgs ./target/wasm-gc/debug/build/all_pkgs.json","inputs":["./cmd/main/main.mbt","./cmd/main/moon.pkg.json"],"outputs":["./target/wasm-gc/debug/build/cmd/main/main.mi","./target/wasm-gc/debug/build/cmd/main/main.core"]}
{"command":"moonc link-core '$MOON_HOME/lib/core/target/wasm-gc/release/bundle/abort/abort.core' '$MOON_HOME/lib/core/target/wasm-gc/release/bundle/core.core' ./target/wasm-gc/debug/build/cmd/main/main.core -main username/import_stdlib/cmd/main -o ./target/wasm-gc/debug/build/cmd/main/main.wasm -pkg-config-path ./cmd/main/moon.pkg.json -pkg-sources username/import_stdlib/cmd/main:./cmd/main -pkg-sources 'moonbitlang/core:$MOON_HOME/lib/core' -target wasm-gc","inputs":["$MOON_HOME/lib/core/target/wasm-gc/release/bundle/abort/abort.core","$MOON_HOME/lib/core/target/wasm-gc/release/bundle/core.core","./cmd/main/moon.pkg.json","./target/wasm-gc/debug/build/cmd/main/main.core"],"outputs":["./target/wasm-gc/debug/build/cmd/main/main.wasm"]}
