{"command":"moonc check -doctest-only ./cmd/main/main.mbt -include-doctests -o ./_build/wasm-gc/release/check/cmd/main/main.blackbox_test.mi -pkg username/import_stdlib/cmd/main_blackbox_test -std-path '$MOON_HOME/lib/core/_build/wasm-gc/release/bundle' -i '$MOON_HOME/lib/core/_build/wasm-gc/release/bundle/math/math.mi:core_math' -i ./_build/wasm-gc/release/check/cmd/main/main.mi:main -i '$MOON_HOME/lib/core/_build/wasm-gc/release/bundle/prelude/prelude.mi:prelude' -pkg-sources username/import_stdlib/cmd/main_blackbox_test:./cmd/main -target wasm-gc -blackbox-test -workspace-path . -all-pkgs ./_build/wasm-gc/release/check/all_pkgs.json","inputs":["./cmd/main/main.mbt","./cmd/main/moon.pkg.json","./_build/wasm-gc/release/check/cmd/main/main.mi"],"outputs":["./_build/wasm-gc/release/check/cmd/main/main.blackbox_test.mi"]}
{"command":"moonc check ./cmd/main/main.mbt -o ./_build/wasm-gc/release/check/cmd/main/main.mi -pkg username/import_stdlib/cmd/main -is-main -std-path '$MOON_HOME/lib/core/_build/wasm-gc/release/bundle' -i '$MOON_HOME/lib/core/_build/wasm-gc/release/bundle/math/math.mi:core_math' -i '$MOON_HOME/lib/core/_build/wasm-gc/release/bundle/prelude/prelude.mi:prelude' -pkg-sources username/import_stdlib/cmd/main:./cmd/main -target wasm-gc -workspace-path . -all-pkgs ./_build/wasm-gc/release/check/all_pkgs.json","inputs":["./cmd/main/main.mbt","./cmd/main/moon.pkg.json"],"outputs":["./_build/wasm-gc/release/check/cmd/main/main.mi"]}
{"command":"moonc check ./import_stdlib_test.mbt -doctest-only ./import_stdlib.mbt -include-doctests -o ./_build/wasm-gc/release/check/import_stdlib.blackbox_test.mi -pkg username/import_stdlib_blackbox_test -std-path '$MOON_HOME/lib/core/_build/wasm-gc/release/bundle' -i ./_build/wasm-gc/release/check/import_stdlib.mi:import_stdlib -i '$MOON_HOME/lib/core/_build/wasm-gc/release/bundle/prelude/prelude.mi:prelude' -i '$MOON_HOME/lib/core/_build/wasm-gc/release/bundle/strconv/strconv.mi:strconv' -pkg-sources username/import_stdlib_blackbox_test:. -target wasm-gc -blackbox-test -workspace-path . -all-pkgs ./_build/wasm-gc/release/check/all_pkgs.json","inputs":["./import_stdlib.mbt","./import_stdlib_test.mbt","./moon.pkg.json","./_build/wasm-gc/release/check/import_stdlib.mi"],"outputs":["./_build/wasm-gc/release/check/import_stdlib.blackbox_test.mi"]}
{"command":"moonc check ./import_stdlib.mbt -o ./_build/wasm-gc/release/check/import_stdlib.mi -pkg username/import_stdlib -std-path '$MOON_HOME/lib/core/_build/wasm-gc/release/bundle' -i '$MOON_HOME/lib/core/_build/wasm-gc/release/bundle/prelude/prelude.mi:prelude' -i '$MOON_HOME/lib/core/_build/wasm-gc/release/bundle/strconv/strconv.mi:strconv' -pkg-sources username/import_stdlib:. -target wasm-gc -workspace-path . -all-pkgs ./_build/wasm-gc/release/check/all_pkgs.json","inputs":["./import_stdlib.mbt","./moon.pkg.json"],"outputs":["./_build/wasm-gc/release/check/import_stdlib.mi"]}
