{"command":"moon generate-test-driver --output-driver ./target/wasm-gc/debug/test/lib/__generated_driver_for_blackbox_test.mbt --output-metadata ./target/wasm-gc/debug/test/lib/__blackbox_test_info.json ./lib/hello_test.mbt --doctest-only ./lib/hello.mbt --target wasm-gc --pkg-name moon_new/lib --driver-kind blackbox","inputs":["./lib/hello_test.mbt","./lib/hello.mbt"],"outputs":["./target/wasm-gc/debug/test/lib/__generated_driver_for_blackbox_test.mbt","./target/wasm-gc/debug/test/lib/__blackbox_test_info.json"]}
{"command":"moon generate-test-driver --output-driver ./target/wasm-gc/debug/test/lib/__generated_driver_for_internal_test.mbt --output-metadata ./target/wasm-gc/debug/test/lib/__internal_test_info.json ./lib/hello.mbt --target wasm-gc --pkg-name moon_new/lib --driver-kind internal","inputs":["./lib/hello.mbt"],"outputs":["./target/wasm-gc/debug/test/lib/__generated_driver_for_internal_test.mbt","./target/wasm-gc/debug/test/lib/__internal_test_info.json"]}
{"command":"moon generate-test-driver --output-driver ./target/wasm-gc/debug/test/lib/__generated_driver_for_whitebox_test.mbt --output-metadata ./target/wasm-gc/debug/test/lib/__whitebox_test_info.json ./lib/hello_wbtest.mbt --patch-file ./patch_wbtest.json --target wasm-gc --pkg-name moon_new/lib --driver-kind whitebox","inputs":["./lib/hello_wbtest.mbt"],"outputs":["./target/wasm-gc/debug/test/lib/__generated_driver_for_whitebox_test.mbt","./target/wasm-gc/debug/test/lib/__whitebox_test_info.json"]}
{"command":"moonc build-package ./lib/hello_test.mbt ./target/wasm-gc/debug/test/lib/__generated_driver_for_blackbox_test.mbt -doctest-only ./lib/hello.mbt -o ./target/wasm-gc/debug/test/lib/lib.blackbox_test.core -pkg moon_new/lib_blackbox_test -is-main -i ./target/wasm-gc/debug/test/lib/lib.mi:lib -pkg-sources moon_new/lib_blackbox_test:./lib -target wasm-gc -g -O0 -source-map -blackbox-test -include-doctests -no-mi -test-mode -workspace-path .","inputs":["./lib/hello_test.mbt","./target/wasm-gc/debug/test/lib/__generated_driver_for_blackbox_test.mbt","./lib/hello.mbt","./target/wasm-gc/debug/test/lib/lib.mi"],"outputs":["./target/wasm-gc/debug/test/lib/lib.blackbox_test.core"]}
{"command":"moonc link-core ./target/wasm-gc/debug/test/lib/lib.core ./target/wasm-gc/debug/test/lib/lib.blackbox_test.core -main moon_new/lib_blackbox_test -o ./target/wasm-gc/debug/test/lib/lib.blackbox_test.wasm -test-mode -pkg-config-path ./lib/moon.pkg.json -pkg-sources moon_new/lib:./lib -pkg-sources moon_new/lib_blackbox_test:./lib -exported_functions 'moonbit_test_driver_internal_execute,moonbit_test_driver_finish' -target wasm-gc -g -O0 -source-map","inputs":["./target/wasm-gc/debug/test/lib/lib.core","./target/wasm-gc/debug/test/lib/lib.blackbox_test.core"],"outputs":["./target/wasm-gc/debug/test/lib/lib.blackbox_test.wasm"]}
{"command":"moonc build-package ./lib/hello.mbt -o ./target/wasm-gc/debug/test/lib/lib.core -pkg moon_new/lib -pkg-sources moon_new/lib:./lib -target wasm-gc -g -O0 -source-map -workspace-path .","inputs":["./lib/hello.mbt"],"outputs":["./target/wasm-gc/debug/test/lib/lib.core","./target/wasm-gc/debug/test/lib/lib.mi"]}
{"command":"moonc build-package ./lib/hello.mbt ./target/wasm-gc/debug/test/lib/__generated_driver_for_internal_test.mbt -o ./target/wasm-gc/debug/test/lib/lib.internal_test.core -pkg moon_new/lib -is-main -pkg-sources moon_new/lib:./lib -target wasm-gc -g -O0 -source-map -no-mi -test-mode -workspace-path .","inputs":["./lib/hello.mbt","./target/wasm-gc/debug/test/lib/__generated_driver_for_internal_test.mbt"],"outputs":["./target/wasm-gc/debug/test/lib/lib.internal_test.core"]}
{"command":"moonc link-core ./target/wasm-gc/debug/test/lib/lib.internal_test.core -main moon_new/lib -o ./target/wasm-gc/debug/test/lib/lib.internal_test.wasm -test-mode -pkg-config-path ./lib/moon.pkg.json -pkg-sources moon_new/lib:./lib -exported_functions 'moonbit_test_driver_internal_execute,moonbit_test_driver_finish' -target wasm-gc -g -O0 -source-map","inputs":["./target/wasm-gc/debug/test/lib/lib.internal_test.core"],"outputs":["./target/wasm-gc/debug/test/lib/lib.internal_test.wasm"]}
{"command":"moonc build-package ./lib/hello.mbt ./lib/hello_wbtest.mbt ./target/wasm-gc/debug/test/lib/__generated_driver_for_whitebox_test.mbt -o ./target/wasm-gc/debug/test/lib/lib.whitebox_test.core -pkg moon_new/lib -is-main -pkg-sources moon_new/lib:./lib -target wasm-gc -g -O0 -source-map -whitebox-test -no-mi -patch-file ./patch_wbtest.json -test-mode -workspace-path .","inputs":["./lib/hello.mbt","./lib/hello_wbtest.mbt","./target/wasm-gc/debug/test/lib/__generated_driver_for_whitebox_test.mbt","./patch_wbtest.json"],"outputs":["./target/wasm-gc/debug/test/lib/lib.whitebox_test.core"]}
{"command":"moonc link-core ./target/wasm-gc/debug/test/lib/lib.whitebox_test.core -main moon_new/lib -o ./target/wasm-gc/debug/test/lib/lib.whitebox_test.wasm -test-mode -pkg-config-path ./lib/moon.pkg.json -pkg-sources moon_new/lib:./lib -exported_functions 'moonbit_test_driver_internal_execute,moonbit_test_driver_finish' -target wasm-gc -g -O0 -source-map","inputs":["./target/wasm-gc/debug/test/lib/lib.whitebox_test.core"],"outputs":["./target/wasm-gc/debug/test/lib/lib.whitebox_test.wasm"]}
