{"command":"moon generate-test-driver --output-driver ./_build/wasm-gc/debug/test/lib2/__generated_driver_for_blackbox_test.mbt --output-metadata ./_build/wasm-gc/debug/test/lib2/__blackbox_test_info.json --doctest-only ./lib2/1.mbt --doctest-only ./lib2/hello.mbt --patch-file ./2.patch_test.json --target wasm-gc --pkg-name moon_new/lib2 --driver-kind blackbox","inputs":["./lib2/1.mbt","./lib2/hello.mbt"],"outputs":["./_build/wasm-gc/debug/test/lib2/__generated_driver_for_blackbox_test.mbt","./_build/wasm-gc/debug/test/lib2/__blackbox_test_info.json"]}
{"command":"moon generate-test-driver --output-driver ./_build/wasm-gc/debug/test/lib2/__generated_driver_for_internal_test.mbt --output-metadata ./_build/wasm-gc/debug/test/lib2/__internal_test_info.json ./lib2/1.mbt ./lib2/hello.mbt --target wasm-gc --pkg-name moon_new/lib2 --driver-kind internal","inputs":["./lib2/1.mbt","./lib2/hello.mbt"],"outputs":["./_build/wasm-gc/debug/test/lib2/__generated_driver_for_internal_test.mbt","./_build/wasm-gc/debug/test/lib2/__internal_test_info.json"]}
{"command":"moonc build-package ./_build/wasm-gc/debug/test/lib2/__generated_driver_for_blackbox_test.mbt -doctest-only ./lib2/1.mbt -doctest-only ./lib2/hello.mbt -o ./_build/wasm-gc/debug/test/lib2/lib2.blackbox_test.core -pkg moon_new/lib2_blackbox_test -is-main -i ./_build/wasm-gc/debug/test/lib2/lib2.mi:lib2 -pkg-sources moon_new/lib2_blackbox_test:./lib2 -target wasm-gc -g -O0 -source-map -blackbox-test -include-doctests -no-mi -patch-file ./2.patch_test.json -test-mode -workspace-path . -all-pkgs ./_build/wasm-gc/debug/test/all_pkgs.json","inputs":["./_build/wasm-gc/debug/test/lib2/__generated_driver_for_blackbox_test.mbt","./_build/wasm-gc/debug/test/lib2/lib2.mi","./lib2/1.mbt","./lib2/hello.mbt","./lib2/moon.pkg.json","./2.patch_test.json"],"outputs":["./_build/wasm-gc/debug/test/lib2/lib2.blackbox_test.core"]}
{"command":"moonc link-core ./_build/wasm-gc/debug/test/lib2/lib2.core ./_build/wasm-gc/debug/test/lib2/lib2.blackbox_test.core -main moon_new/lib2_blackbox_test -o ./_build/wasm-gc/debug/test/lib2/lib2.blackbox_test.wasm -test-mode -pkg-config-path ./lib2/moon.pkg.json -pkg-sources moon_new/lib2:./lib2 -pkg-sources moon_new/lib2_blackbox_test:./lib2 -exported_functions 'moonbit_test_driver_internal_execute,moonbit_test_driver_finish' -target wasm-gc -g -O0 -source-map","inputs":["./_build/wasm-gc/debug/test/lib2/lib2.blackbox_test.core","./_build/wasm-gc/debug/test/lib2/lib2.core","./lib2/moon.pkg.json"],"outputs":["./_build/wasm-gc/debug/test/lib2/lib2.blackbox_test.wasm"]}
{"command":"moonc build-package ./lib2/1.mbt ./lib2/hello.mbt ./_build/wasm-gc/debug/test/lib2/__generated_driver_for_internal_test.mbt -o ./_build/wasm-gc/debug/test/lib2/lib2.internal_test.core -pkg moon_new/lib2 -is-main -pkg-sources moon_new/lib2:./lib2 -target wasm-gc -g -O0 -source-map -no-mi -test-mode -workspace-path . -all-pkgs ./_build/wasm-gc/debug/test/all_pkgs.json","inputs":["./_build/wasm-gc/debug/test/lib2/__generated_driver_for_internal_test.mbt","./lib2/1.mbt","./lib2/hello.mbt","./lib2/moon.pkg.json"],"outputs":["./_build/wasm-gc/debug/test/lib2/lib2.internal_test.core"]}
{"command":"moonc link-core ./_build/wasm-gc/debug/test/lib2/lib2.internal_test.core -main moon_new/lib2 -o ./_build/wasm-gc/debug/test/lib2/lib2.internal_test.wasm -test-mode -pkg-config-path ./lib2/moon.pkg.json -pkg-sources moon_new/lib2:./lib2 -exported_functions 'moonbit_test_driver_internal_execute,moonbit_test_driver_finish' -target wasm-gc -g -O0 -source-map","inputs":["./_build/wasm-gc/debug/test/lib2/lib2.internal_test.core","./lib2/moon.pkg.json"],"outputs":["./_build/wasm-gc/debug/test/lib2/lib2.internal_test.wasm"]}
{"command":"moonc build-package ./lib2/1.mbt ./lib2/hello.mbt -o ./_build/wasm-gc/debug/test/lib2/lib2.core -pkg moon_new/lib2 -pkg-sources moon_new/lib2:./lib2 -target wasm-gc -g -O0 -source-map -workspace-path . -all-pkgs ./_build/wasm-gc/debug/test/all_pkgs.json","inputs":["./lib2/1.mbt","./lib2/hello.mbt","./lib2/moon.pkg.json"],"outputs":["./_build/wasm-gc/debug/test/lib2/lib2.mi","./_build/wasm-gc/debug/test/lib2/lib2.core"]}
