{"command":"moonc build-package ./A/hello_test.mbt ./_build/wasm-gc/debug/test/A/__generated_driver_for_blackbox_test.mbt -doctest-only ./A/hello.mbt -o ./_build/wasm-gc/debug/test/A/A.blackbox_test.core -pkg username/hello/A_blackbox_test -is-main -i ./_build/wasm-gc/debug/test/A/A.mi:A -i ./_build/wasm-gc/debug/test/C/C.mi:C -i ./_build/wasm-gc/debug/test/D/D.mi:D -pkg-sources username/hello/A_blackbox_test:./A -target wasm-gc -g -O0 -source-map -blackbox-test -include-doctests -no-mi -test-mode -workspace-path . -all-pkgs ./_build/wasm-gc/debug/test/all_pkgs.json","inputs":["./A/hello.mbt","./A/hello_test.mbt","./A/moon.pkg.json","./_build/wasm-gc/debug/test/A/A.mi","./_build/wasm-gc/debug/test/A/__generated_driver_for_blackbox_test.mbt","./_build/wasm-gc/debug/test/C/C.mi","./_build/wasm-gc/debug/test/D/D.mi"],"outputs":["./_build/wasm-gc/debug/test/A/A.blackbox_test.core"]}
{"command":"moonc link-core ./_build/wasm-gc/debug/test/D/D.core ./_build/wasm-gc/debug/test/A/A.core ./_build/wasm-gc/debug/test/C/C.core ./_build/wasm-gc/debug/test/A/A.blackbox_test.core -main username/hello/A_blackbox_test -o ./_build/wasm-gc/debug/test/A/A.blackbox_test.wasm -test-mode -pkg-config-path ./A/moon.pkg.json -pkg-sources username/hello/D:./D -pkg-sources username/hello/A:./A -pkg-sources username/hello/C:./C -pkg-sources username/hello/A_blackbox_test:./A -exported_functions 'moonbit_test_driver_internal_execute,moonbit_test_driver_finish' -target wasm-gc -g -O0 -source-map","inputs":["./A/moon.pkg.json","./_build/wasm-gc/debug/test/A/A.blackbox_test.core","./_build/wasm-gc/debug/test/A/A.core","./_build/wasm-gc/debug/test/C/C.core","./_build/wasm-gc/debug/test/D/D.core"],"outputs":["./_build/wasm-gc/debug/test/A/A.blackbox_test.wasm"]}
{"command":"moonc build-package ./A/hello.mbt ./_build/wasm-gc/debug/test/A/__generated_driver_for_internal_test.mbt -o ./_build/wasm-gc/debug/test/A/A.internal_test.core -pkg username/hello/A -is-main -i ./_build/wasm-gc/debug/test/D/D.mi:D -pkg-sources username/hello/A:./A -target wasm-gc -g -O0 -source-map -no-mi -test-mode -workspace-path . -all-pkgs ./_build/wasm-gc/debug/test/all_pkgs.json","inputs":["./A/hello.mbt","./A/moon.pkg.json","./_build/wasm-gc/debug/test/A/__generated_driver_for_internal_test.mbt","./_build/wasm-gc/debug/test/D/D.mi"],"outputs":["./_build/wasm-gc/debug/test/A/A.internal_test.core"]}
{"command":"moonc link-core ./_build/wasm-gc/debug/test/D/D.core ./_build/wasm-gc/debug/test/A/A.internal_test.core -main username/hello/A -o ./_build/wasm-gc/debug/test/A/A.internal_test.wasm -test-mode -pkg-config-path ./A/moon.pkg.json -pkg-sources username/hello/D:./D -pkg-sources username/hello/A:./A -exported_functions 'moonbit_test_driver_internal_execute,moonbit_test_driver_finish' -target wasm-gc -g -O0 -source-map","inputs":["./A/moon.pkg.json","./_build/wasm-gc/debug/test/A/A.internal_test.core","./_build/wasm-gc/debug/test/D/D.core"],"outputs":["./_build/wasm-gc/debug/test/A/A.internal_test.wasm"]}
{"command":"moonc build-package ./A/hello.mbt -o ./_build/wasm-gc/debug/test/A/A.core -pkg username/hello/A -i ./_build/wasm-gc/debug/test/D/D.mi:D -pkg-sources username/hello/A:./A -target wasm-gc -g -O0 -source-map -workspace-path . -all-pkgs ./_build/wasm-gc/debug/test/all_pkgs.json","inputs":["./A/hello.mbt","./A/moon.pkg.json","./_build/wasm-gc/debug/test/D/D.mi"],"outputs":["./_build/wasm-gc/debug/test/A/A.mi","./_build/wasm-gc/debug/test/A/A.core"]}
{"command":"moonc build-package ./A/hello.mbt ./A/hello_wbtest.mbt ./_build/wasm-gc/debug/test/A/__generated_driver_for_whitebox_test.mbt -o ./_build/wasm-gc/debug/test/A/A.whitebox_test.core -pkg username/hello/A -is-main -i ./_build/wasm-gc/debug/test/B/B.mi:B -i ./_build/wasm-gc/debug/test/D/D.mi:D -pkg-sources username/hello/A:./A -target wasm-gc -g -O0 -source-map -whitebox-test -no-mi -test-mode -workspace-path . -all-pkgs ./_build/wasm-gc/debug/test/all_pkgs.json","inputs":["./A/hello.mbt","./A/hello_wbtest.mbt","./A/moon.pkg.json","./_build/wasm-gc/debug/test/A/__generated_driver_for_whitebox_test.mbt","./_build/wasm-gc/debug/test/B/B.mi","./_build/wasm-gc/debug/test/D/D.mi"],"outputs":["./_build/wasm-gc/debug/test/A/A.whitebox_test.core"]}
{"command":"moonc link-core ./_build/wasm-gc/debug/test/B/B.core ./_build/wasm-gc/debug/test/D/D.core ./_build/wasm-gc/debug/test/A/A.whitebox_test.core -main username/hello/A -o ./_build/wasm-gc/debug/test/A/A.whitebox_test.wasm -test-mode -pkg-config-path ./A/moon.pkg.json -pkg-sources username/hello/B:./B -pkg-sources username/hello/D:./D -pkg-sources username/hello/A:./A -exported_functions 'moonbit_test_driver_internal_execute,moonbit_test_driver_finish' -target wasm-gc -g -O0 -source-map","inputs":["./A/moon.pkg.json","./_build/wasm-gc/debug/test/A/A.whitebox_test.core","./_build/wasm-gc/debug/test/B/B.core","./_build/wasm-gc/debug/test/D/D.core"],"outputs":["./_build/wasm-gc/debug/test/A/A.whitebox_test.wasm"]}
{"command":"moon generate-test-driver --output-driver ./_build/wasm-gc/debug/test/A/__generated_driver_for_blackbox_test.mbt --output-metadata ./_build/wasm-gc/debug/test/A/__blackbox_test_info.json ./A/hello_test.mbt --doctest-only ./A/hello.mbt --target wasm-gc --pkg-name username/hello/A --driver-kind blackbox","inputs":["./A/hello.mbt","./A/hello_test.mbt"],"outputs":["./_build/wasm-gc/debug/test/A/__generated_driver_for_blackbox_test.mbt","./_build/wasm-gc/debug/test/A/__blackbox_test_info.json"]}
{"command":"moon generate-test-driver --output-driver ./_build/wasm-gc/debug/test/A/__generated_driver_for_internal_test.mbt --output-metadata ./_build/wasm-gc/debug/test/A/__internal_test_info.json ./A/hello.mbt --target wasm-gc --pkg-name username/hello/A --driver-kind internal","inputs":["./A/hello.mbt"],"outputs":["./_build/wasm-gc/debug/test/A/__generated_driver_for_internal_test.mbt","./_build/wasm-gc/debug/test/A/__internal_test_info.json"]}
{"command":"moon generate-test-driver --output-driver ./_build/wasm-gc/debug/test/A/__generated_driver_for_whitebox_test.mbt --output-metadata ./_build/wasm-gc/debug/test/A/__whitebox_test_info.json ./A/hello_wbtest.mbt --target wasm-gc --pkg-name username/hello/A --driver-kind whitebox","inputs":["./A/hello_wbtest.mbt"],"outputs":["./_build/wasm-gc/debug/test/A/__generated_driver_for_whitebox_test.mbt","./_build/wasm-gc/debug/test/A/__whitebox_test_info.json"]}
{"command":"moonc build-package ./B/hello.mbt -o ./_build/wasm-gc/debug/test/B/B.core -pkg username/hello/B -pkg-sources username/hello/B:./B -target wasm-gc -g -O0 -source-map -workspace-path . -all-pkgs ./_build/wasm-gc/debug/test/all_pkgs.json","inputs":["./B/hello.mbt","./B/moon.pkg.json"],"outputs":["./_build/wasm-gc/debug/test/B/B.mi","./_build/wasm-gc/debug/test/B/B.core"]}
{"command":"moonc build-package ./C/hello.mbt -o ./_build/wasm-gc/debug/test/C/C.core -pkg username/hello/C -pkg-sources username/hello/C:./C -target wasm-gc -g -O0 -source-map -workspace-path . -all-pkgs ./_build/wasm-gc/debug/test/all_pkgs.json","inputs":["./C/hello.mbt","./C/moon.pkg.json"],"outputs":["./_build/wasm-gc/debug/test/C/C.mi","./_build/wasm-gc/debug/test/C/C.core"]}
{"command":"moonc build-package ./D/hello.mbt -o ./_build/wasm-gc/debug/test/D/D.core -pkg username/hello/D -pkg-sources username/hello/D:./D -target wasm-gc -g -O0 -source-map -workspace-path . -all-pkgs ./_build/wasm-gc/debug/test/all_pkgs.json","inputs":["./D/hello.mbt","./D/moon.pkg.json"],"outputs":["./_build/wasm-gc/debug/test/D/D.mi","./_build/wasm-gc/debug/test/D/D.core"]}
