{"command":"moonc check ./A/hello_test.mbt -doctest-only ./A/hello.mbt -include-doctests -o ./target/wasm-gc/release/check/A/A.blackbox_test.mi -pkg username/hello/A_blackbox_test -std-path '$MOON_HOME/lib/core/target/wasm-gc/release/bundle' -i ./target/wasm-gc/release/check/A/A.mi:A -i ./target/wasm-gc/release/check/C/C.mi:C -i ./target/wasm-gc/release/check/D/D.mi:D -pkg-sources username/hello/A_blackbox_test:./A -target wasm-gc -blackbox-test -workspace-path .","inputs":["./A/hello.mbt","./A/hello_test.mbt","./target/wasm-gc/release/check/A/A.mi","./target/wasm-gc/release/check/C/C.mi","./target/wasm-gc/release/check/D/D.mi"],"outputs":["./target/wasm-gc/release/check/A/A.blackbox_test.mi"]}
{"command":"moonc check ./A/hello.mbt -o ./target/wasm-gc/release/check/A/A.mi -pkg username/hello/A -std-path '$MOON_HOME/lib/core/target/wasm-gc/release/bundle' -i ./target/wasm-gc/release/check/D/D.mi:D -pkg-sources username/hello/A:./A -target wasm-gc -workspace-path .","inputs":["./A/hello.mbt","./target/wasm-gc/release/check/D/D.mi"],"outputs":["./target/wasm-gc/release/check/A/A.mi"]}
{"command":"moonc check ./A/hello.mbt ./A/hello_wbtest.mbt -o ./target/wasm-gc/release/check/A/A.whitebox_test.mi -pkg username/hello/A -std-path '$MOON_HOME/lib/core/target/wasm-gc/release/bundle' -i ./target/wasm-gc/release/check/B/B.mi:B -i ./target/wasm-gc/release/check/D/D.mi:D -pkg-sources username/hello/A:./A -target wasm-gc -whitebox-test -workspace-path .","inputs":["./A/hello.mbt","./A/hello_wbtest.mbt","./target/wasm-gc/release/check/B/B.mi","./target/wasm-gc/release/check/D/D.mi"],"outputs":["./target/wasm-gc/release/check/A/A.whitebox_test.mi"]}
{"command":"moonc check -doctest-only ./B/hello.mbt -include-doctests -o ./target/wasm-gc/release/check/B/B.blackbox_test.mi -pkg username/hello/B_blackbox_test -std-path '$MOON_HOME/lib/core/target/wasm-gc/release/bundle' -i ./target/wasm-gc/release/check/B/B.mi:B -pkg-sources username/hello/B_blackbox_test:./B -target wasm-gc -blackbox-test -workspace-path .","inputs":["./B/hello.mbt","./target/wasm-gc/release/check/B/B.mi"],"outputs":["./target/wasm-gc/release/check/B/B.blackbox_test.mi"]}
{"command":"moonc check ./B/hello.mbt -o ./target/wasm-gc/release/check/B/B.mi -pkg username/hello/B -std-path '$MOON_HOME/lib/core/target/wasm-gc/release/bundle' -pkg-sources username/hello/B:./B -target wasm-gc -workspace-path .","inputs":["./B/hello.mbt"],"outputs":["./target/wasm-gc/release/check/B/B.mi"]}
{"command":"moonc check -doctest-only ./C/hello.mbt -include-doctests -o ./target/wasm-gc/release/check/C/C.blackbox_test.mi -pkg username/hello/C_blackbox_test -std-path '$MOON_HOME/lib/core/target/wasm-gc/release/bundle' -i ./target/wasm-gc/release/check/C/C.mi:C -pkg-sources username/hello/C_blackbox_test:./C -target wasm-gc -blackbox-test -workspace-path .","inputs":["./C/hello.mbt","./target/wasm-gc/release/check/C/C.mi"],"outputs":["./target/wasm-gc/release/check/C/C.blackbox_test.mi"]}
{"command":"moonc check ./C/hello.mbt -o ./target/wasm-gc/release/check/C/C.mi -pkg username/hello/C -std-path '$MOON_HOME/lib/core/target/wasm-gc/release/bundle' -pkg-sources username/hello/C:./C -target wasm-gc -workspace-path .","inputs":["./C/hello.mbt"],"outputs":["./target/wasm-gc/release/check/C/C.mi"]}
{"command":"moonc check -doctest-only ./D/hello.mbt -include-doctests -o ./target/wasm-gc/release/check/D/D.blackbox_test.mi -pkg username/hello/D_blackbox_test -std-path '$MOON_HOME/lib/core/target/wasm-gc/release/bundle' -i ./target/wasm-gc/release/check/D/D.mi:D -pkg-sources username/hello/D_blackbox_test:./D -target wasm-gc -blackbox-test -workspace-path .","inputs":["./D/hello.mbt","./target/wasm-gc/release/check/D/D.mi"],"outputs":["./target/wasm-gc/release/check/D/D.blackbox_test.mi"]}
{"command":"moonc check ./D/hello.mbt -o ./target/wasm-gc/release/check/D/D.mi -pkg username/hello/D -std-path '$MOON_HOME/lib/core/target/wasm-gc/release/bundle' -pkg-sources username/hello/D:./D -target wasm-gc -workspace-path .","inputs":["./D/hello.mbt"],"outputs":["./target/wasm-gc/release/check/D/D.mi"]}
{"command":"moonc check -doctest-only ./main/main.mbt -include-doctests -o ./target/wasm-gc/release/check/main/main.blackbox_test.mi -pkg username/hello/main_blackbox_test -std-path '$MOON_HOME/lib/core/target/wasm-gc/release/bundle' -i ./target/wasm-gc/release/check/main/main.mi:main -pkg-sources username/hello/main_blackbox_test:./main -target wasm-gc -blackbox-test -workspace-path .","inputs":["./main/main.mbt","./target/wasm-gc/release/check/main/main.mi"],"outputs":["./target/wasm-gc/release/check/main/main.blackbox_test.mi"]}
{"command":"moonc check ./main/main.mbt -o ./target/wasm-gc/release/check/main/main.mi -pkg username/hello/main -is-main -std-path '$MOON_HOME/lib/core/target/wasm-gc/release/bundle' -pkg-sources username/hello/main:./main -target wasm-gc -workspace-path .","inputs":["./main/main.mbt"],"outputs":["./target/wasm-gc/release/check/main/main.mi"]}
