{"command":"moon generate-test-driver --output-driver ./target/wasm-gc/debug/test/builtin/__generated_driver_for_blackbox_test.mbt --output-metadata ./target/wasm-gc/debug/test/builtin/__blackbox_test_info.json ./builtin/main_test.mbt --doctest-only ./builtin/main.mbt --target wasm-gc --pkg-name moonbitlang/core/builtin --enable-coverage --coverage-package-override=@self --driver-kind blackbox","inputs":["./builtin/main_test.mbt","./builtin/main.mbt"],"outputs":["./target/wasm-gc/debug/test/builtin/__generated_driver_for_blackbox_test.mbt","./target/wasm-gc/debug/test/builtin/__blackbox_test_info.json"]}
{"command":"moon generate-test-driver --output-driver ./target/wasm-gc/debug/test/builtin/__generated_driver_for_internal_test.mbt --output-metadata ./target/wasm-gc/debug/test/builtin/__internal_test_info.json ./builtin/main.mbt --target wasm-gc --pkg-name moonbitlang/core/builtin --enable-coverage --coverage-package-override=@self --driver-kind internal","inputs":["./builtin/main.mbt"],"outputs":["./target/wasm-gc/debug/test/builtin/__generated_driver_for_internal_test.mbt","./target/wasm-gc/debug/test/builtin/__internal_test_info.json"]}
{"command":"moonc build-package ./builtin/main_test.mbt ./target/wasm-gc/debug/test/builtin/__generated_driver_for_blackbox_test.mbt -doctest-only ./builtin/main.mbt -o ./target/wasm-gc/debug/test/builtin/builtin.blackbox_test.core -pkg moonbitlang/core/builtin_blackbox_test -is-main -i ./target/wasm-gc/debug/test/builtin/builtin.mi:builtin -i ./target/wasm-gc/debug/test/prelude/prelude.mi:prelude -pkg-sources moonbitlang/core/builtin_blackbox_test:./builtin -target wasm-gc -g -O0 -source-map -blackbox-test -include-doctests -no-mi -test-mode -workspace-path .","inputs":["./builtin/main_test.mbt","./target/wasm-gc/debug/test/builtin/__generated_driver_for_blackbox_test.mbt","./builtin/main.mbt","./target/wasm-gc/debug/test/builtin/builtin.mi","./target/wasm-gc/debug/test/prelude/prelude.mi"],"outputs":["./target/wasm-gc/debug/test/builtin/builtin.blackbox_test.core"]}
{"command":"moonc link-core ./target/wasm-gc/debug/test/prelude/prelude.core ./target/wasm-gc/debug/test/builtin/builtin.core ./target/wasm-gc/debug/test/builtin/builtin.blackbox_test.core -main moonbitlang/core/builtin_blackbox_test -o ./target/wasm-gc/debug/test/builtin/builtin.blackbox_test.wasm -test-mode -pkg-config-path ./builtin/moon.pkg.json -pkg-sources moonbitlang/core/prelude:./prelude -pkg-sources moonbitlang/core/builtin:./builtin -pkg-sources moonbitlang/core/builtin_blackbox_test:./builtin -exported_functions moonbit_test_driver_internal_execute,moonbit_test_driver_finish -target wasm-gc -g -O0 -source-map","inputs":["./target/wasm-gc/debug/test/prelude/prelude.core","./target/wasm-gc/debug/test/builtin/builtin.core","./target/wasm-gc/debug/test/builtin/builtin.blackbox_test.core"],"outputs":["./target/wasm-gc/debug/test/builtin/builtin.blackbox_test.wasm"]}
{"command":"moonc build-package ./builtin/main.mbt -o ./target/wasm-gc/debug/test/builtin/builtin.core -pkg moonbitlang/core/builtin -pkg-sources moonbitlang/core/builtin:./builtin -target wasm-gc -g -O0 -source-map -enable-coverage -coverage-package-override=@self -workspace-path .","inputs":["./builtin/main.mbt"],"outputs":["./target/wasm-gc/debug/test/builtin/builtin.core","./target/wasm-gc/debug/test/builtin/builtin.mi"]}
{"command":"moonc build-package ./builtin/main.mbt ./target/wasm-gc/debug/test/builtin/__generated_driver_for_internal_test.mbt -o ./target/wasm-gc/debug/test/builtin/builtin.internal_test.core -pkg moonbitlang/core/builtin -is-main -pkg-sources moonbitlang/core/builtin:./builtin -target wasm-gc -g -O0 -source-map -enable-coverage -coverage-package-override=@self -no-mi -test-mode -workspace-path .","inputs":["./builtin/main.mbt","./target/wasm-gc/debug/test/builtin/__generated_driver_for_internal_test.mbt"],"outputs":["./target/wasm-gc/debug/test/builtin/builtin.internal_test.core"]}
{"command":"moonc link-core ./target/wasm-gc/debug/test/builtin/builtin.internal_test.core -main moonbitlang/core/builtin -o ./target/wasm-gc/debug/test/builtin/builtin.internal_test.wasm -test-mode -pkg-config-path ./builtin/moon.pkg.json -pkg-sources moonbitlang/core/builtin:./builtin -exported_functions moonbit_test_driver_internal_execute,moonbit_test_driver_finish -target wasm-gc -g -O0 -source-map","inputs":["./target/wasm-gc/debug/test/builtin/builtin.internal_test.core"],"outputs":["./target/wasm-gc/debug/test/builtin/builtin.internal_test.wasm"]}
{"command":"moon generate-test-driver --output-driver ./target/wasm-gc/debug/test/prelude/__generated_driver_for_blackbox_test.mbt --output-metadata ./target/wasm-gc/debug/test/prelude/__blackbox_test_info.json --target wasm-gc --pkg-name moonbitlang/core/prelude --enable-coverage --driver-kind blackbox","inputs":[],"outputs":["./target/wasm-gc/debug/test/prelude/__generated_driver_for_blackbox_test.mbt","./target/wasm-gc/debug/test/prelude/__blackbox_test_info.json"]}
{"command":"moon generate-test-driver --output-driver ./target/wasm-gc/debug/test/prelude/__generated_driver_for_internal_test.mbt --output-metadata ./target/wasm-gc/debug/test/prelude/__internal_test_info.json --target wasm-gc --pkg-name moonbitlang/core/prelude --enable-coverage --driver-kind internal","inputs":[],"outputs":["./target/wasm-gc/debug/test/prelude/__generated_driver_for_internal_test.mbt","./target/wasm-gc/debug/test/prelude/__internal_test_info.json"]}
{"command":"moonc build-package ./target/wasm-gc/debug/test/prelude/__generated_driver_for_blackbox_test.mbt -o ./target/wasm-gc/debug/test/prelude/prelude.blackbox_test.core -pkg moonbitlang/core/prelude_blackbox_test -is-main -i ./target/wasm-gc/debug/test/prelude/prelude.mi:prelude -pkg-sources moonbitlang/core/prelude_blackbox_test:./prelude -target wasm-gc -g -O0 -source-map -blackbox-test -include-doctests -no-mi -test-mode -workspace-path .","inputs":["./target/wasm-gc/debug/test/prelude/__generated_driver_for_blackbox_test.mbt","./target/wasm-gc/debug/test/prelude/prelude.mi"],"outputs":["./target/wasm-gc/debug/test/prelude/prelude.blackbox_test.core"]}
{"command":"moonc link-core ./target/wasm-gc/debug/test/prelude/prelude.core ./target/wasm-gc/debug/test/prelude/prelude.blackbox_test.core -main moonbitlang/core/prelude_blackbox_test -o ./target/wasm-gc/debug/test/prelude/prelude.blackbox_test.wasm -test-mode -pkg-config-path ./prelude/moon.pkg.json -pkg-sources moonbitlang/core/prelude:./prelude -pkg-sources moonbitlang/core/prelude_blackbox_test:./prelude -exported_functions moonbit_test_driver_internal_execute,moonbit_test_driver_finish -target wasm-gc -g -O0 -source-map","inputs":["./target/wasm-gc/debug/test/prelude/prelude.core","./target/wasm-gc/debug/test/prelude/prelude.blackbox_test.core"],"outputs":["./target/wasm-gc/debug/test/prelude/prelude.blackbox_test.wasm"]}
{"command":"moonc build-package -o ./target/wasm-gc/debug/test/prelude/prelude.core -pkg moonbitlang/core/prelude -pkg-sources moonbitlang/core/prelude:./prelude -target wasm-gc -g -O0 -source-map -enable-coverage -workspace-path .","inputs":[],"outputs":["./target/wasm-gc/debug/test/prelude/prelude.core","./target/wasm-gc/debug/test/prelude/prelude.mi"]}
{"command":"moonc build-package ./target/wasm-gc/debug/test/prelude/__generated_driver_for_internal_test.mbt -o ./target/wasm-gc/debug/test/prelude/prelude.internal_test.core -pkg moonbitlang/core/prelude -is-main -pkg-sources moonbitlang/core/prelude:./prelude -target wasm-gc -g -O0 -source-map -enable-coverage -no-mi -test-mode -workspace-path .","inputs":["./target/wasm-gc/debug/test/prelude/__generated_driver_for_internal_test.mbt"],"outputs":["./target/wasm-gc/debug/test/prelude/prelude.internal_test.core"]}
{"command":"moonc link-core ./target/wasm-gc/debug/test/prelude/prelude.internal_test.core -main moonbitlang/core/prelude -o ./target/wasm-gc/debug/test/prelude/prelude.internal_test.wasm -test-mode -pkg-config-path ./prelude/moon.pkg.json -pkg-sources moonbitlang/core/prelude:./prelude -exported_functions moonbit_test_driver_internal_execute,moonbit_test_driver_finish -target wasm-gc -g -O0 -source-map","inputs":["./target/wasm-gc/debug/test/prelude/prelude.internal_test.core"],"outputs":["./target/wasm-gc/debug/test/prelude/prelude.internal_test.wasm"]}
