{"command":"moonc check ./A/hello_test.mbt -doctest-only ./A/hello.mbt -include-doctests -o ./_build/wasm-gc/release/check/A/A.blackbox_test.mi -pkg username/hello/A_blackbox_test -std-path '$MOON_HOME/lib/core/target/wasm-gc/release/bundle' -i ./_build/wasm-gc/release/check/A/A.mi:A -i ./_build/wasm-gc/release/check/C/C.mi:C -i ./_build/wasm-gc/release/check/D/D.mi:D -i '$MOON_HOME/lib/core/target/wasm-gc/release/bundle/prelude/prelude.mi:prelude' -pkg-sources username/hello/A_blackbox_test:./A -target wasm-gc -blackbox-test -workspace-path . -all-pkgs ./_build/wasm-gc/release/check/all_pkgs.json","inputs":["./A/hello.mbt","./A/hello_test.mbt","./A/moon.pkg.json","./_build/wasm-gc/release/check/A/A.mi","./_build/wasm-gc/release/check/C/C.mi","./_build/wasm-gc/release/check/D/D.mi"],"outputs":["./_build/wasm-gc/release/check/A/A.blackbox_test.mi"]}
{"command":"moonc check ./A/hello.mbt -o ./_build/wasm-gc/release/check/A/A.mi -pkg username/hello/A -std-path '$MOON_HOME/lib/core/target/wasm-gc/release/bundle' -i ./_build/wasm-gc/release/check/D/D.mi:D -i '$MOON_HOME/lib/core/target/wasm-gc/release/bundle/prelude/prelude.mi:prelude' -pkg-sources username/hello/A:./A -target wasm-gc -workspace-path . -all-pkgs ./_build/wasm-gc/release/check/all_pkgs.json","inputs":["./A/hello.mbt","./A/moon.pkg.json","./_build/wasm-gc/release/check/D/D.mi"],"outputs":["./_build/wasm-gc/release/check/A/A.mi"]}
{"command":"moonc check ./A/hello.mbt ./A/hello_wbtest.mbt -o ./_build/wasm-gc/release/check/A/A.whitebox_test.mi -pkg username/hello/A -std-path '$MOON_HOME/lib/core/target/wasm-gc/release/bundle' -i ./_build/wasm-gc/release/check/B/B.mi:B -i ./_build/wasm-gc/release/check/D/D.mi:D -i '$MOON_HOME/lib/core/target/wasm-gc/release/bundle/prelude/prelude.mi:prelude' -pkg-sources username/hello/A:./A -target wasm-gc -whitebox-test -workspace-path . -all-pkgs ./_build/wasm-gc/release/check/all_pkgs.json","inputs":["./A/hello.mbt","./A/hello_wbtest.mbt","./A/moon.pkg.json","./_build/wasm-gc/release/check/B/B.mi","./_build/wasm-gc/release/check/D/D.mi"],"outputs":["./_build/wasm-gc/release/check/A/A.whitebox_test.mi"]}
{"command":"moonc check -doctest-only ./B/hello.mbt -include-doctests -o ./_build/wasm-gc/release/check/B/B.blackbox_test.mi -pkg username/hello/B_blackbox_test -std-path '$MOON_HOME/lib/core/target/wasm-gc/release/bundle' -i ./_build/wasm-gc/release/check/B/B.mi:B -i '$MOON_HOME/lib/core/target/wasm-gc/release/bundle/prelude/prelude.mi:prelude' -pkg-sources username/hello/B_blackbox_test:./B -target wasm-gc -blackbox-test -workspace-path . -all-pkgs ./_build/wasm-gc/release/check/all_pkgs.json","inputs":["./B/hello.mbt","./B/moon.pkg.json","./_build/wasm-gc/release/check/B/B.mi"],"outputs":["./_build/wasm-gc/release/check/B/B.blackbox_test.mi"]}
{"command":"moonc check ./B/hello.mbt -o ./_build/wasm-gc/release/check/B/B.mi -pkg username/hello/B -std-path '$MOON_HOME/lib/core/target/wasm-gc/release/bundle' -i '$MOON_HOME/lib/core/target/wasm-gc/release/bundle/prelude/prelude.mi:prelude' -pkg-sources username/hello/B:./B -target wasm-gc -workspace-path . -all-pkgs ./_build/wasm-gc/release/check/all_pkgs.json","inputs":["./B/hello.mbt","./B/moon.pkg.json"],"outputs":["./_build/wasm-gc/release/check/B/B.mi"]}
{"command":"moonc check -doctest-only ./C/hello.mbt -include-doctests -o ./_build/wasm-gc/release/check/C/C.blackbox_test.mi -pkg username/hello/C_blackbox_test -std-path '$MOON_HOME/lib/core/target/wasm-gc/release/bundle' -i ./_build/wasm-gc/release/check/C/C.mi:C -i '$MOON_HOME/lib/core/target/wasm-gc/release/bundle/prelude/prelude.mi:prelude' -pkg-sources username/hello/C_blackbox_test:./C -target wasm-gc -blackbox-test -workspace-path . -all-pkgs ./_build/wasm-gc/release/check/all_pkgs.json","inputs":["./C/hello.mbt","./C/moon.pkg.json","./_build/wasm-gc/release/check/C/C.mi"],"outputs":["./_build/wasm-gc/release/check/C/C.blackbox_test.mi"]}
{"command":"moonc check ./C/hello.mbt -o ./_build/wasm-gc/release/check/C/C.mi -pkg username/hello/C -std-path '$MOON_HOME/lib/core/target/wasm-gc/release/bundle' -i '$MOON_HOME/lib/core/target/wasm-gc/release/bundle/prelude/prelude.mi:prelude' -pkg-sources username/hello/C:./C -target wasm-gc -workspace-path . -all-pkgs ./_build/wasm-gc/release/check/all_pkgs.json","inputs":["./C/hello.mbt","./C/moon.pkg.json"],"outputs":["./_build/wasm-gc/release/check/C/C.mi"]}
{"command":"moonc check -doctest-only ./D/hello.mbt -include-doctests -o ./_build/wasm-gc/release/check/D/D.blackbox_test.mi -pkg username/hello/D_blackbox_test -std-path '$MOON_HOME/lib/core/target/wasm-gc/release/bundle' -i ./_build/wasm-gc/release/check/D/D.mi:D -i '$MOON_HOME/lib/core/target/wasm-gc/release/bundle/prelude/prelude.mi:prelude' -pkg-sources username/hello/D_blackbox_test:./D -target wasm-gc -blackbox-test -workspace-path . -all-pkgs ./_build/wasm-gc/release/check/all_pkgs.json","inputs":["./D/hello.mbt","./D/moon.pkg.json","./_build/wasm-gc/release/check/D/D.mi"],"outputs":["./_build/wasm-gc/release/check/D/D.blackbox_test.mi"]}
{"command":"moonc check ./D/hello.mbt -o ./_build/wasm-gc/release/check/D/D.mi -pkg username/hello/D -std-path '$MOON_HOME/lib/core/target/wasm-gc/release/bundle' -i '$MOON_HOME/lib/core/target/wasm-gc/release/bundle/prelude/prelude.mi:prelude' -pkg-sources username/hello/D:./D -target wasm-gc -workspace-path . -all-pkgs ./_build/wasm-gc/release/check/all_pkgs.json","inputs":["./D/hello.mbt","./D/moon.pkg.json"],"outputs":["./_build/wasm-gc/release/check/D/D.mi"]}
{"command":"moonc check -doctest-only ./main/main.mbt -include-doctests -o ./_build/wasm-gc/release/check/main/main.blackbox_test.mi -pkg username/hello/main_blackbox_test -std-path '$MOON_HOME/lib/core/target/wasm-gc/release/bundle' -i ./_build/wasm-gc/release/check/main/main.mi:main -i '$MOON_HOME/lib/core/target/wasm-gc/release/bundle/prelude/prelude.mi:prelude' -pkg-sources username/hello/main_blackbox_test:./main -target wasm-gc -blackbox-test -workspace-path . -all-pkgs ./_build/wasm-gc/release/check/all_pkgs.json","inputs":["./_build/wasm-gc/release/check/main/main.mi","./main/main.mbt","./main/moon.pkg.json"],"outputs":["./_build/wasm-gc/release/check/main/main.blackbox_test.mi"]}
{"command":"moonc check ./main/main.mbt -o ./_build/wasm-gc/release/check/main/main.mi -pkg username/hello/main -is-main -std-path '$MOON_HOME/lib/core/target/wasm-gc/release/bundle' -i '$MOON_HOME/lib/core/target/wasm-gc/release/bundle/prelude/prelude.mi:prelude' -pkg-sources username/hello/main:./main -target wasm-gc -workspace-path . -all-pkgs ./_build/wasm-gc/release/check/all_pkgs.json","inputs":["./main/main.mbt","./main/moon.pkg.json"],"outputs":["./_build/wasm-gc/release/check/main/main.mi"]}
