{
  "source_dir": "$ROOT",
  "name": "username/hello",
  "packages": [
    {
      "is-main": false,
      "is-third-party": false,
      "root-path": "$ROOT/A",
      "root": "username/hello",
      "rel": "A",
      "files": {
        "$ROOT/A/hello.mbt": {
          "backend": [
            "Wasm",
            "WasmGC",
            "Js",
            "Native",
            "LLVM"
          ],
          "optlevel": [
            "Release",
            "Debug"
          ]
        }
      },
      "wbtest-files": {
        "$ROOT/A/hello_wbtest.mbt": {
          "backend": [
            "Wasm",
            "WasmGC",
            "Js",
            "Native",
            "LLVM"
          ],
          "optlevel": [
            "Release",
            "Debug"
          ]
        }
      },
      "test-files": {
        "$ROOT/A/hello_test.mbt": {
          "backend": [
            "Wasm",
            "WasmGC",
            "Js",
            "Native",
            "LLVM"
          ],
          "optlevel": [
            "Release",
            "Debug"
          ]
        }
      },
      "mbt-md-files": {},
      "deps": [
        {
          "path": "moonbitlang/core/prelude",
          "alias": "prelude",
          "fspath": "$MOON_HOME/lib/core/prelude"
        },
        {
          "path": "username/hello/D",
          "alias": "D",
          "fspath": "$ROOT/D"
        }
      ],
      "wbtest-deps": [
        {
          "path": "moonbitlang/core/prelude",
          "alias": "prelude",
          "fspath": "$MOON_HOME/lib/core/prelude"
        },
        {
          "path": "username/hello/B",
          "alias": "B",
          "fspath": "$ROOT/B"
        }
      ],
      "test-deps": [
        {
          "path": "moonbitlang/core/prelude",
          "alias": "prelude",
          "fspath": "$MOON_HOME/lib/core/prelude"
        },
        {
          "path": "username/hello/C",
          "alias": "C",
          "fspath": "$ROOT/C"
        }
      ],
      "artifact": "$ROOT/_build/wasm-gc/debug/check/A/A.mi",
      "check-command": [
        "check",
        "-error-format",
        "json",
        "$ROOT/A/hello.mbt",
        "-o",
        "$ROOT/_build/wasm-gc/debug/check/A/A.mi",
        "-pkg",
        "username/hello/A",
        "-std-path",
        "$MOON_HOME/lib/core/_build/wasm-gc/release/bundle",
        "-i",
        "$ROOT/_build/wasm-gc/debug/check/D/D.mi:D",
        "-i",
        "$MOON_HOME/lib/core/_build/wasm-gc/release/bundle/prelude/prelude.mi:prelude",
        "-pkg-sources",
        "username/hello/A:$ROOT/A",
        "-target",
        "wasm-gc",
        "-workspace-path",
        "$ROOT",
        "-all-pkgs",
        "$ROOT/_build/wasm-gc/debug/check/all_pkgs.json"
      ],
      "wbtest-check-command": [
        "check",
        "-error-format",
        "json",
        "$ROOT/A/hello.mbt",
        "$ROOT/A/hello_wbtest.mbt",
        "-o",
        "$ROOT/_build/wasm-gc/debug/check/A/A.whitebox_test.mi",
        "-pkg",
        "username/hello/A",
        "-std-path",
        "$MOON_HOME/lib/core/_build/wasm-gc/release/bundle",
        "-i",
        "$ROOT/_build/wasm-gc/debug/check/B/B.mi:B",
        "-i",
        "$ROOT/_build/wasm-gc/debug/check/D/D.mi:D",
        "-i",
        "$MOON_HOME/lib/core/_build/wasm-gc/release/bundle/prelude/prelude.mi:prelude",
        "-pkg-sources",
        "username/hello/A:$ROOT/A",
        "-target",
        "wasm-gc",
        "-whitebox-test",
        "-workspace-path",
        "$ROOT",
        "-all-pkgs",
        "$ROOT/_build/wasm-gc/debug/check/all_pkgs.json"
      ],
      "test-check-command": [
        "check",
        "-error-format",
        "json",
        "$ROOT/A/hello_test.mbt",
        "-doctest-only",
        "$ROOT/A/hello.mbt",
        "-include-doctests",
        "-o",
        "$ROOT/_build/wasm-gc/debug/check/A/A.blackbox_test.mi",
        "-pkg",
        "username/hello/A_blackbox_test",
        "-std-path",
        "$MOON_HOME/lib/core/_build/wasm-gc/release/bundle",
        "-i",
        "$ROOT/_build/wasm-gc/debug/check/A/A.mi:A",
        "-i",
        "$ROOT/_build/wasm-gc/debug/check/C/C.mi:C",
        "-i",
        "$ROOT/_build/wasm-gc/debug/check/D/D.mi:D",
        "-i",
        "$MOON_HOME/lib/core/_build/wasm-gc/release/bundle/prelude/prelude.mi:prelude",
        "-pkg-sources",
        "username/hello/A_blackbox_test:$ROOT/A",
        "-target",
        "wasm-gc",
        "-blackbox-test",
        "-workspace-path",
        "$ROOT",
        "-all-pkgs",
        "$ROOT/_build/wasm-gc/debug/check/all_pkgs.json"
      ],
      "supported-targets": [
        "Wasm",
        "WasmGC",
        "Js",
        "Native",
        "LLVM"
      ]
    },
    {
      "is-main": false,
      "is-third-party": false,
      "root-path": "$ROOT/B",
      "root": "username/hello",
      "rel": "B",
      "files": {
        "$ROOT/B/hello.mbt": {
          "backend": [
            "Wasm",
            "WasmGC",
            "Js",
            "Native",
            "LLVM"
          ],
          "optlevel": [
            "Release",
            "Debug"
          ]
        }
      },
      "wbtest-files": {},
      "test-files": {},
      "mbt-md-files": {},
      "deps": [
        {
          "path": "moonbitlang/core/prelude",
          "alias": "prelude",
          "fspath": "$MOON_HOME/lib/core/prelude"
        }
      ],
      "wbtest-deps": [
        {
          "path": "moonbitlang/core/prelude",
          "alias": "prelude",
          "fspath": "$MOON_HOME/lib/core/prelude"
        }
      ],
      "test-deps": [
        {
          "path": "moonbitlang/core/prelude",
          "alias": "prelude",
          "fspath": "$MOON_HOME/lib/core/prelude"
        }
      ],
      "artifact": "$ROOT/_build/wasm-gc/debug/check/B/B.mi",
      "check-command": [
        "check",
        "-error-format",
        "json",
        "$ROOT/B/hello.mbt",
        "-o",
        "$ROOT/_build/wasm-gc/debug/check/B/B.mi",
        "-pkg",
        "username/hello/B",
        "-std-path",
        "$MOON_HOME/lib/core/_build/wasm-gc/release/bundle",
        "-i",
        "$MOON_HOME/lib/core/_build/wasm-gc/release/bundle/prelude/prelude.mi:prelude",
        "-pkg-sources",
        "username/hello/B:$ROOT/B",
        "-target",
        "wasm-gc",
        "-workspace-path",
        "$ROOT",
        "-all-pkgs",
        "$ROOT/_build/wasm-gc/debug/check/all_pkgs.json"
      ],
      "wbtest-check-command": null,
      "test-check-command": [
        "check",
        "-error-format",
        "json",
        "-doctest-only",
        "$ROOT/B/hello.mbt",
        "-include-doctests",
        "-o",
        "$ROOT/_build/wasm-gc/debug/check/B/B.blackbox_test.mi",
        "-pkg",
        "username/hello/B_blackbox_test",
        "-std-path",
        "$MOON_HOME/lib/core/_build/wasm-gc/release/bundle",
        "-i",
        "$ROOT/_build/wasm-gc/debug/check/B/B.mi:B",
        "-i",
        "$MOON_HOME/lib/core/_build/wasm-gc/release/bundle/prelude/prelude.mi:prelude",
        "-pkg-sources",
        "username/hello/B_blackbox_test:$ROOT/B",
        "-target",
        "wasm-gc",
        "-blackbox-test",
        "-workspace-path",
        "$ROOT",
        "-all-pkgs",
        "$ROOT/_build/wasm-gc/debug/check/all_pkgs.json"
      ],
      "supported-targets": [
        "Wasm",
        "WasmGC",
        "Js",
        "Native",
        "LLVM"
      ]
    },
    {
      "is-main": false,
      "is-third-party": false,
      "root-path": "$ROOT/C",
      "root": "username/hello",
      "rel": "C",
      "files": {
        "$ROOT/C/hello.mbt": {
          "backend": [
            "Wasm",
            "WasmGC",
            "Js",
            "Native",
            "LLVM"
          ],
          "optlevel": [
            "Release",
            "Debug"
          ]
        }
      },
      "wbtest-files": {},
      "test-files": {},
      "mbt-md-files": {},
      "deps": [
        {
          "path": "moonbitlang/core/prelude",
          "alias": "prelude",
          "fspath": "$MOON_HOME/lib/core/prelude"
        }
      ],
      "wbtest-deps": [
        {
          "path": "moonbitlang/core/prelude",
          "alias": "prelude",
          "fspath": "$MOON_HOME/lib/core/prelude"
        }
      ],
      "test-deps": [
        {
          "path": "moonbitlang/core/prelude",
          "alias": "prelude",
          "fspath": "$MOON_HOME/lib/core/prelude"
        }
      ],
      "artifact": "$ROOT/_build/wasm-gc/debug/check/C/C.mi",
      "check-command": [
        "check",
        "-error-format",
        "json",
        "$ROOT/C/hello.mbt",
        "-o",
        "$ROOT/_build/wasm-gc/debug/check/C/C.mi",
        "-pkg",
        "username/hello/C",
        "-std-path",
        "$MOON_HOME/lib/core/_build/wasm-gc/release/bundle",
        "-i",
        "$MOON_HOME/lib/core/_build/wasm-gc/release/bundle/prelude/prelude.mi:prelude",
        "-pkg-sources",
        "username/hello/C:$ROOT/C",
        "-target",
        "wasm-gc",
        "-workspace-path",
        "$ROOT",
        "-all-pkgs",
        "$ROOT/_build/wasm-gc/debug/check/all_pkgs.json"
      ],
      "wbtest-check-command": null,
      "test-check-command": [
        "check",
        "-error-format",
        "json",
        "-doctest-only",
        "$ROOT/C/hello.mbt",
        "-include-doctests",
        "-o",
        "$ROOT/_build/wasm-gc/debug/check/C/C.blackbox_test.mi",
        "-pkg",
        "username/hello/C_blackbox_test",
        "-std-path",
        "$MOON_HOME/lib/core/_build/wasm-gc/release/bundle",
        "-i",
        "$ROOT/_build/wasm-gc/debug/check/C/C.mi:C",
        "-i",
        "$MOON_HOME/lib/core/_build/wasm-gc/release/bundle/prelude/prelude.mi:prelude",
        "-pkg-sources",
        "username/hello/C_blackbox_test:$ROOT/C",
        "-target",
        "wasm-gc",
        "-blackbox-test",
        "-workspace-path",
        "$ROOT",
        "-all-pkgs",
        "$ROOT/_build/wasm-gc/debug/check/all_pkgs.json"
      ],
      "supported-targets": [
        "Wasm",
        "WasmGC",
        "Js",
        "Native",
        "LLVM"
      ]
    },
    {
      "is-main": false,
      "is-third-party": false,
      "root-path": "$ROOT/D",
      "root": "username/hello",
      "rel": "D",
      "files": {
        "$ROOT/D/hello.mbt": {
          "backend": [
            "Wasm",
            "WasmGC",
            "Js",
            "Native",
            "LLVM"
          ],
          "optlevel": [
            "Release",
            "Debug"
          ]
        }
      },
      "wbtest-files": {},
      "test-files": {},
      "mbt-md-files": {},
      "deps": [
        {
          "path": "moonbitlang/core/prelude",
          "alias": "prelude",
          "fspath": "$MOON_HOME/lib/core/prelude"
        }
      ],
      "wbtest-deps": [
        {
          "path": "moonbitlang/core/prelude",
          "alias": "prelude",
          "fspath": "$MOON_HOME/lib/core/prelude"
        }
      ],
      "test-deps": [
        {
          "path": "moonbitlang/core/prelude",
          "alias": "prelude",
          "fspath": "$MOON_HOME/lib/core/prelude"
        }
      ],
      "artifact": "$ROOT/_build/wasm-gc/debug/check/D/D.mi",
      "check-command": [
        "check",
        "-error-format",
        "json",
        "$ROOT/D/hello.mbt",
        "-o",
        "$ROOT/_build/wasm-gc/debug/check/D/D.mi",
        "-pkg",
        "username/hello/D",
        "-std-path",
        "$MOON_HOME/lib/core/_build/wasm-gc/release/bundle",
        "-i",
        "$MOON_HOME/lib/core/_build/wasm-gc/release/bundle/prelude/prelude.mi:prelude",
        "-pkg-sources",
        "username/hello/D:$ROOT/D",
        "-target",
        "wasm-gc",
        "-workspace-path",
        "$ROOT",
        "-all-pkgs",
        "$ROOT/_build/wasm-gc/debug/check/all_pkgs.json"
      ],
      "wbtest-check-command": null,
      "test-check-command": [
        "check",
        "-error-format",
        "json",
        "-doctest-only",
        "$ROOT/D/hello.mbt",
        "-include-doctests",
        "-o",
        "$ROOT/_build/wasm-gc/debug/check/D/D.blackbox_test.mi",
        "-pkg",
        "username/hello/D_blackbox_test",
        "-std-path",
        "$MOON_HOME/lib/core/_build/wasm-gc/release/bundle",
        "-i",
        "$ROOT/_build/wasm-gc/debug/check/D/D.mi:D",
        "-i",
        "$MOON_HOME/lib/core/_build/wasm-gc/release/bundle/prelude/prelude.mi:prelude",
        "-pkg-sources",
        "username/hello/D_blackbox_test:$ROOT/D",
        "-target",
        "wasm-gc",
        "-blackbox-test",
        "-workspace-path",
        "$ROOT",
        "-all-pkgs",
        "$ROOT/_build/wasm-gc/debug/check/all_pkgs.json"
      ],
      "supported-targets": [
        "Wasm",
        "WasmGC",
        "Js",
        "Native",
        "LLVM"
      ]
    },
    {
      "is-main": true,
      "is-third-party": false,
      "root-path": "$ROOT/main",
      "root": "username/hello",
      "rel": "main",
      "files": {
        "$ROOT/main/main.mbt": {
          "backend": [
            "Wasm",
            "WasmGC",
            "Js",
            "Native",
            "LLVM"
          ],
          "optlevel": [
            "Release",
            "Debug"
          ]
        }
      },
      "wbtest-files": {},
      "test-files": {},
      "mbt-md-files": {},
      "deps": [
        {
          "path": "moonbitlang/core/prelude",
          "alias": "prelude",
          "fspath": "$MOON_HOME/lib/core/prelude"
        }
      ],
      "wbtest-deps": [
        {
          "path": "moonbitlang/core/prelude",
          "alias": "prelude",
          "fspath": "$MOON_HOME/lib/core/prelude"
        }
      ],
      "test-deps": [
        {
          "path": "moonbitlang/core/prelude",
          "alias": "prelude",
          "fspath": "$MOON_HOME/lib/core/prelude"
        }
      ],
      "artifact": "$ROOT/_build/wasm-gc/debug/check/main/main.mi",
      "check-command": [
        "check",
        "-error-format",
        "json",
        "$ROOT/main/main.mbt",
        "-o",
        "$ROOT/_build/wasm-gc/debug/check/main/main.mi",
        "-pkg",
        "username/hello/main",
        "-is-main",
        "-std-path",
        "$MOON_HOME/lib/core/_build/wasm-gc/release/bundle",
        "-i",
        "$MOON_HOME/lib/core/_build/wasm-gc/release/bundle/prelude/prelude.mi:prelude",
        "-pkg-sources",
        "username/hello/main:$ROOT/main",
        "-target",
        "wasm-gc",
        "-workspace-path",
        "$ROOT",
        "-all-pkgs",
        "$ROOT/_build/wasm-gc/debug/check/all_pkgs.json"
      ],
      "wbtest-check-command": null,
      "test-check-command": [
        "check",
        "-error-format",
        "json",
        "-doctest-only",
        "$ROOT/main/main.mbt",
        "-include-doctests",
        "-o",
        "$ROOT/_build/wasm-gc/debug/check/main/main.blackbox_test.mi",
        "-pkg",
        "username/hello/main_blackbox_test",
        "-std-path",
        "$MOON_HOME/lib/core/_build/wasm-gc/release/bundle",
        "-i",
        "$ROOT/_build/wasm-gc/debug/check/main/main.mi:main",
        "-i",
        "$MOON_HOME/lib/core/_build/wasm-gc/release/bundle/prelude/prelude.mi:prelude",
        "-pkg-sources",
        "username/hello/main_blackbox_test:$ROOT/main",
        "-target",
        "wasm-gc",
        "-blackbox-test",
        "-workspace-path",
        "$ROOT",
        "-all-pkgs",
        "$ROOT/_build/wasm-gc/debug/check/all_pkgs.json"
      ],
      "supported-targets": [
        "Wasm",
        "WasmGC",
        "Js",
        "Native",
        "LLVM"
      ]
    }
  ],
  "deps": [],
  "backend": "wasm-gc",
  "opt_level": "debug",
  "source": null
}