{"command":"moonc build-package ./src/lib/hello.mbt -o ./target/wasm-gc/release/build/lib/lib.core -pkg username/hello/lib -std-path '$MOON_HOME/lib/core/target/wasm-gc/release/bundle' -pkg-sources username/hello/lib:./src/lib -target wasm-gc -workspace-path . -all-pkgs ./target/wasm-gc/release/build/all_pkgs.json","inputs":["./src/lib/hello.mbt"],"outputs":["./target/wasm-gc/release/build/lib/lib.mi","./target/wasm-gc/release/build/lib/lib.core"]}
{"command":"moonc build-package ./src/main/main.mbt -o ./target/wasm-gc/release/build/main/main.core -pkg username/hello/main -is-main -std-path '$MOON_HOME/lib/core/target/wasm-gc/release/bundle' -i ./target/wasm-gc/release/build/lib/lib.mi:lib -pkg-sources username/hello/main:./src/main -target wasm-gc -workspace-path . -all-pkgs ./target/wasm-gc/release/build/all_pkgs.json","inputs":["./src/main/main.mbt","./target/wasm-gc/release/build/lib/lib.mi"],"outputs":["./target/wasm-gc/release/build/main/main.mi","./target/wasm-gc/release/build/main/main.core"]}
{"command":"moonc link-core '$MOON_HOME/lib/core/target/wasm-gc/release/bundle/abort/abort.core' '$MOON_HOME/lib/core/target/wasm-gc/release/bundle/core.core' ./target/wasm-gc/release/build/lib/lib.core ./target/wasm-gc/release/build/main/main.core -main username/hello/main -o ./target/wasm-gc/release/build/main/main.wasm -pkg-config-path ./src/main/moon.pkg.json -pkg-sources username/hello/lib:./src/lib -pkg-sources username/hello/main:./src/main -pkg-sources 'moonbitlang/core:$MOON_HOME/lib/core' -target wasm-gc","inputs":["$MOON_HOME/lib/core/target/wasm-gc/release/bundle/abort/abort.core","$MOON_HOME/lib/core/target/wasm-gc/release/bundle/core.core","./target/wasm-gc/release/build/lib/lib.core","./target/wasm-gc/release/build/main/main.core"],"outputs":["./target/wasm-gc/release/build/main/main.wasm"]}
