{"command":"moonc check ./src/lib/hello_test.mbt -doctest-only ./src/lib/hello.mbt -include-doctests -o ./target/wasm-gc/release/check/lib/lib.blackbox_test.mi -pkg username/hello/lib_blackbox_test -std-path $MOON_HOME/lib/core/target/wasm-gc/release/bundle -i ./target/wasm-gc/release/check/lib/lib.mi:lib -pkg-sources username/hello/lib_blackbox_test:./src/lib -target wasm-gc -blackbox-test -workspace-path .","inputs":["./src/lib/hello_test.mbt","./src/lib/hello.mbt","./target/wasm-gc/release/check/lib/lib.mi"],"outputs":["./target/wasm-gc/release/check/lib/lib.blackbox_test.mi"]}
{"command":"moonc check ./src/lib/hello.mbt -o ./target/wasm-gc/release/check/lib/lib.mi -pkg username/hello/lib -std-path $MOON_HOME/lib/core/target/wasm-gc/release/bundle -pkg-sources username/hello/lib:./src/lib -target wasm-gc -workspace-path .","inputs":["./src/lib/hello.mbt"],"outputs":["./target/wasm-gc/release/check/lib/lib.mi"]}
{"command":"moonc check -doctest-only ./src/main/main.mbt -include-doctests -o ./target/wasm-gc/release/check/main/main.blackbox_test.mi -pkg username/hello/main_blackbox_test -std-path $MOON_HOME/lib/core/target/wasm-gc/release/bundle -i ./target/wasm-gc/release/check/lib/lib.mi:lib -i ./target/wasm-gc/release/check/main/main.mi:main -pkg-sources username/hello/main_blackbox_test:./src/main -target wasm-gc -blackbox-test -workspace-path .","inputs":["./src/main/main.mbt","./target/wasm-gc/release/check/lib/lib.mi","./target/wasm-gc/release/check/main/main.mi"],"outputs":["./target/wasm-gc/release/check/main/main.blackbox_test.mi"]}
{"command":"moonc check ./src/main/main.mbt -o ./target/wasm-gc/release/check/main/main.mi -pkg username/hello/main -is-main -std-path $MOON_HOME/lib/core/target/wasm-gc/release/bundle -i ./target/wasm-gc/release/check/lib/lib.mi:lib -pkg-sources username/hello/main:./src/main -target wasm-gc -workspace-path .","inputs":["./src/main/main.mbt","./target/wasm-gc/release/check/lib/lib.mi"],"outputs":["./target/wasm-gc/release/check/main/main.mi"]}
