{"command":"moonc build-package ./lib/hello.mbt -o ./_build/wasm-gc/release/build/lib/lib.core -pkg moon_new/lib -std-path '$MOON_HOME/lib/core/target/wasm-gc/release/bundle' -i '$MOON_HOME/lib/core/target/wasm-gc/release/bundle/prelude/prelude.mi:prelude' -pkg-sources moon_new/lib:./lib -target wasm-gc -workspace-path . -all-pkgs ./_build/wasm-gc/release/build/all_pkgs.json","inputs":["./lib/hello.mbt","./lib/moon.pkg.json"],"outputs":["./_build/wasm-gc/release/build/lib/lib.mi","./_build/wasm-gc/release/build/lib/lib.core"]}
{"command":"moonc build-package ./main/main.mbt -o ./_build/wasm-gc/release/build/main/main.core -pkg moon_new/main -is-main -std-path '$MOON_HOME/lib/core/target/wasm-gc/release/bundle' -i ./_build/wasm-gc/release/build/lib/lib.mi:lib -i '$MOON_HOME/lib/core/target/wasm-gc/release/bundle/prelude/prelude.mi:prelude' -pkg-sources moon_new/main:./main -target wasm-gc -enable-value-tracing -workspace-path . -all-pkgs ./_build/wasm-gc/release/build/all_pkgs.json","inputs":["./_build/wasm-gc/release/build/lib/lib.mi","./main/main.mbt","./main/moon.pkg.json"],"outputs":["./_build/wasm-gc/release/build/main/main.mi","./_build/wasm-gc/release/build/main/main.core"]}
{"command":"moonc link-core '$MOON_HOME/lib/core/target/wasm-gc/release/bundle/abort/abort.core' '$MOON_HOME/lib/core/target/wasm-gc/release/bundle/core.core' ./_build/wasm-gc/release/build/lib/lib.core ./_build/wasm-gc/release/build/main/main.core -main moon_new/main -o ./_build/wasm-gc/release/build/main/main.wasm -pkg-config-path ./main/moon.pkg.json -pkg-sources moon_new/lib:./lib -pkg-sources moon_new/main:./main -pkg-sources 'moonbitlang/core:$MOON_HOME/lib/core' -target wasm-gc","inputs":["$MOON_HOME/lib/core/target/wasm-gc/release/bundle/abort/abort.core","$MOON_HOME/lib/core/target/wasm-gc/release/bundle/core.core","./_build/wasm-gc/release/build/lib/lib.core","./_build/wasm-gc/release/build/main/main.core","./main/moon.pkg.json"],"outputs":["./_build/wasm-gc/release/build/main/main.wasm"]}
