{"command":"moonc build-package './main exe/main.mbt' -o './_build/wasm-gc/release/build/main exe/main exe.core' -pkg 'username/hello/main exe' -is-main -i './_build/wasm-gc/release/build/main lib/main lib.mi:lib' -pkg-sources 'username/hello/main exe:./main exe' -target wasm-gc -workspace-path . -all-pkgs ./_build/wasm-gc/release/build/all_pkgs.json","inputs":["./_build/wasm-gc/release/build/main lib/main lib.mi","./main exe/main.mbt","./main exe/moon.pkg.json"],"outputs":["./_build/wasm-gc/release/build/main exe/main exe.mi","./_build/wasm-gc/release/build/main exe/main exe.core"]}
{"command":"moonc link-core './_build/wasm-gc/release/build/main lib/main lib.core' './_build/wasm-gc/release/build/main exe/main exe.core' -main 'username/hello/main exe' -o './_build/wasm-gc/release/build/main exe/main exe.wasm' -pkg-config-path './main exe/moon.pkg.json' -pkg-sources 'username/hello/main lib:./main lib' -pkg-sources 'username/hello/main exe:./main exe' -target wasm-gc","inputs":["./_build/wasm-gc/release/build/main exe/main exe.core","./_build/wasm-gc/release/build/main lib/main lib.core","./main exe/moon.pkg.json"],"outputs":["./_build/wasm-gc/release/build/main exe/main exe.wasm"]}
{"command":"moonc build-package './main lib/hello.mbt' -o './_build/wasm-gc/release/build/main lib/main lib.core' -pkg 'username/hello/main lib' -pkg-sources 'username/hello/main lib:./main lib' -target wasm-gc -workspace-path . -all-pkgs ./_build/wasm-gc/release/build/all_pkgs.json","inputs":["./main lib/hello.mbt","./main lib/moon.pkg.json"],"outputs":["./_build/wasm-gc/release/build/main lib/main lib.mi","./_build/wasm-gc/release/build/main lib/main lib.core"]}
